Archive member included to satisfy reference by file (symbol)

/Applications/STM32CubeIDE.app/Contents/Eclipse/plugins/com.st.stm32cube.ide.mcu.externaltools.gnu-tools-for-stm32.13.3.rel1.macos64_1.0.0.202411102158/tools/bin/../lib/gcc/arm-none-eabi/13.3.1/../../../../arm-none-eabi/lib/thumb/v8-m.main+dp/hard/libc_nano.a(libc_a-exit.o)
                              /Applications/STM32CubeIDE.app/Contents/Eclipse/plugins/com.st.stm32cube.ide.mcu.externaltools.gnu-tools-for-stm32.13.3.rel1.macos64_1.0.0.202411102158/tools/bin/../lib/gcc/arm-none-eabi/13.3.1/../../../../arm-none-eabi/lib/thumb/v8-m.main+dp/hard/crt0.o (exit)
/Applications/STM32CubeIDE.app/Contents/Eclipse/plugins/com.st.stm32cube.ide.mcu.externaltools.gnu-tools-for-stm32.13.3.rel1.macos64_1.0.0.202411102158/tools/bin/../lib/gcc/arm-none-eabi/13.3.1/../../../../arm-none-eabi/lib/thumb/v8-m.main+dp/hard/libc_nano.a(libc_a-findfp.o)
                              /Applications/STM32CubeIDE.app/Contents/Eclipse/plugins/com.st.stm32cube.ide.mcu.externaltools.gnu-tools-for-stm32.13.3.rel1.macos64_1.0.0.202411102158/tools/bin/../lib/gcc/arm-none-eabi/13.3.1/../../../../arm-none-eabi/lib/thumb/v8-m.main+dp/hard/libc_nano.a(libc_a-exit.o) (__stdio_exit_handler)
/Applications/STM32CubeIDE.app/Contents/Eclipse/plugins/com.st.stm32cube.ide.mcu.externaltools.gnu-tools-for-stm32.13.3.rel1.macos64_1.0.0.202411102158/tools/bin/../lib/gcc/arm-none-eabi/13.3.1/../../../../arm-none-eabi/lib/thumb/v8-m.main+dp/hard/libc_nano.a(libc_a-fwalk.o)
                              /Applications/STM32CubeIDE.app/Contents/Eclipse/plugins/com.st.stm32cube.ide.mcu.externaltools.gnu-tools-for-stm32.13.3.rel1.macos64_1.0.0.202411102158/tools/bin/../lib/gcc/arm-none-eabi/13.3.1/../../../../arm-none-eabi/lib/thumb/v8-m.main+dp/hard/libc_nano.a(libc_a-findfp.o) (_fwalk_sglue)
/Applications/STM32CubeIDE.app/Contents/Eclipse/plugins/com.st.stm32cube.ide.mcu.externaltools.gnu-tools-for-stm32.13.3.rel1.macos64_1.0.0.202411102158/tools/bin/../lib/gcc/arm-none-eabi/13.3.1/../../../../arm-none-eabi/lib/thumb/v8-m.main+dp/hard/libc_nano.a(libc_a-memset.o)
                              /Applications/STM32CubeIDE.app/Contents/Eclipse/plugins/com.st.stm32cube.ide.mcu.externaltools.gnu-tools-for-stm32.13.3.rel1.macos64_1.0.0.202411102158/tools/bin/../lib/gcc/arm-none-eabi/13.3.1/../../../../arm-none-eabi/lib/thumb/v8-m.main+dp/hard/crt0.o (memset)
/Applications/STM32CubeIDE.app/Contents/Eclipse/plugins/com.st.stm32cube.ide.mcu.externaltools.gnu-tools-for-stm32.13.3.rel1.macos64_1.0.0.202411102158/tools/bin/../lib/gcc/arm-none-eabi/13.3.1/../../../../arm-none-eabi/lib/thumb/v8-m.main+dp/hard/libc_nano.a(libc_a-errno.o)
                              ./Core/Src/sysmem.o (__errno)
/Applications/STM32CubeIDE.app/Contents/Eclipse/plugins/com.st.stm32cube.ide.mcu.externaltools.gnu-tools-for-stm32.13.3.rel1.macos64_1.0.0.202411102158/tools/bin/../lib/gcc/arm-none-eabi/13.3.1/../../../../arm-none-eabi/lib/thumb/v8-m.main+dp/hard/libc_nano.a(libc_a-init.o)
                              /Applications/STM32CubeIDE.app/Contents/Eclipse/plugins/com.st.stm32cube.ide.mcu.externaltools.gnu-tools-for-stm32.13.3.rel1.macos64_1.0.0.202411102158/tools/bin/../lib/gcc/arm-none-eabi/13.3.1/../../../../arm-none-eabi/lib/thumb/v8-m.main+dp/hard/crt0.o (__libc_init_array)
/Applications/STM32CubeIDE.app/Contents/Eclipse/plugins/com.st.stm32cube.ide.mcu.externaltools.gnu-tools-for-stm32.13.3.rel1.macos64_1.0.0.202411102158/tools/bin/../lib/gcc/arm-none-eabi/13.3.1/../../../../arm-none-eabi/lib/thumb/v8-m.main+dp/hard/libc_nano.a(libc_a-lock.o)
                              /Applications/STM32CubeIDE.app/Contents/Eclipse/plugins/com.st.stm32cube.ide.mcu.externaltools.gnu-tools-for-stm32.13.3.rel1.macos64_1.0.0.202411102158/tools/bin/../lib/gcc/arm-none-eabi/13.3.1/../../../../arm-none-eabi/lib/thumb/v8-m.main+dp/hard/libc_nano.a(libc_a-findfp.o) (__retarget_lock_init_recursive)
/Applications/STM32CubeIDE.app/Contents/Eclipse/plugins/com.st.stm32cube.ide.mcu.externaltools.gnu-tools-for-stm32.13.3.rel1.macos64_1.0.0.202411102158/tools/bin/../lib/gcc/arm-none-eabi/13.3.1/../../../../arm-none-eabi/lib/thumb/v8-m.main+dp/hard/libc_nano.a(libc_a-impure.o)
                              /Applications/STM32CubeIDE.app/Contents/Eclipse/plugins/com.st.stm32cube.ide.mcu.externaltools.gnu-tools-for-stm32.13.3.rel1.macos64_1.0.0.202411102158/tools/bin/../lib/gcc/arm-none-eabi/13.3.1/../../../../arm-none-eabi/lib/thumb/v8-m.main+dp/hard/libc_nano.a(libc_a-errno.o) (_impure_ptr)
/Applications/STM32CubeIDE.app/Contents/Eclipse/plugins/com.st.stm32cube.ide.mcu.externaltools.gnu-tools-for-stm32.13.3.rel1.macos64_1.0.0.202411102158/tools/bin/../lib/gcc/arm-none-eabi/13.3.1/../../../../arm-none-eabi/lib/thumb/v8-m.main+dp/hard/libc_nano.a(libc_a-mallocr.o)
[...]
Memory Configuration

Name             Origin             Length             Attributes
RAM              0x34000400         0x001ffc00         xrw
*default*        0x00000000         0xffffffff

Linker script and memory map

LOAD /Applications/STM32CubeIDE.app/Contents/Eclipse/plugins/com.st.stm32cube.ide.mcu.externaltools.gnu-tools-for-stm32.13.3.rel1.macos64_1.0.0.202411102158/tools/bin/../lib/gcc/arm-none-eabi/13.3.1/thumb/v8-m.main+dp/hard/crti.o
LOAD /Applications/STM32CubeIDE.app/Contents/Eclipse/plugins/com.st.stm32cube.ide.mcu.externaltools.gnu-tools-for-stm32.13.3.rel1.macos64_1.0.0.202411102158/tools/bin/../lib/gcc/arm-none-eabi/13.3.1/thumb/v8-m.main+dp/hard/crtbegin.o
LOAD /Applications/STM32CubeIDE.app/Contents/Eclipse/plugins/com.st.stm32cube.ide.mcu.externaltools.gnu-tools-for-stm32.13.3.rel1.macos64_1.0.0.202411102158/tools/bin/../lib/gcc/arm-none-eabi/13.3.1/../../../../arm-none-eabi/lib/thumb/v8-m.main+dp/hard/crt0.o
LOAD ./Core/Src/main.o
LOAD ./Core/Src/secure_nsc.o
LOAD ./Core/Src/stm32n6xx_hal_msp.o
LOAD ./Core/Src/stm32n6xx_it.o
LOAD ./Core/Src/sysmem.o
LOAD ./Core/Src/system_stm32n6xx_s.o
LOAD ./Core/Startup/startup_stm32n657x0hxq.o
LOAD ./Drivers/STM32N6xx_HAL_Driver/stm32n6xx_hal.o
LOAD ./Drivers/STM32N6xx_HAL_Driver/stm32n6xx_hal_cacheaxi.o
LOAD ./Drivers/STM32N6xx_HAL_Driver/stm32n6xx_hal_cortex.o
LOAD ./Drivers/STM32N6xx_HAL_Driver/stm32n6xx_hal_dma.o
LOAD ./Drivers/STM32N6xx_HAL_Driver/stm32n6xx_hal_dma_ex.o
LOAD ./Drivers/STM32N6xx_HAL_Driver/stm32n6xx_hal_exti.o
LOAD ./Drivers/STM32N6xx_HAL_Driver/stm32n6xx_hal_gpio.o
LOAD ./Drivers/STM32N6xx_HAL_Driver/stm32n6xx_hal_pwr.o
LOAD ./Drivers/STM32N6xx_HAL_Driver/stm32n6xx_hal_pwr_ex.o
LOAD ./Drivers/STM32N6xx_HAL_Driver/stm32n6xx_hal_rcc.o
LOAD ./Drivers/STM32N6xx_HAL_Driver/stm32n6xx_hal_rcc_ex.o
LOAD ./Drivers/STM32N6xx_HAL_Driver/stm32n6xx_hal_rif.o
LOAD ./X-CUBE-AI/App/app_x-cube-ai.o
LOAD ./X-CUBE-AI/App/network.o
LOAD ../../Middlewares/ST/AI/Lib/NetworkRuntime1010_CM55_GCC.a
START GROUP
LOAD /Applications/STM32CubeIDE.app/Contents/Eclipse/plugins/com.st.stm32cube.ide.mcu.externaltools.gnu-tools-for-stm32.13.3.rel1.macos64_1.0.0.202411102158/tools/bin/../lib/gcc/arm-none-eabi/13.3.1/../../../../arm-none-eabi/lib/thumb/v8-m.main+dp/hard/libc_nano.a
LOAD /Applications/STM32CubeIDE.app/Contents/Eclipse/plugins/com.st.stm32cube.ide.mcu.externaltools.gnu-tools-for-stm32.13.3.rel1.macos64_1.0.0.202411102158/tools/bin/../lib/gcc/arm-none-eabi/13.3.1/../../../../arm-none-eabi/lib/thumb/v8-m.main+dp/hard/libm.a
END GROUP
START GROUP
LOAD /Applications/STM32CubeIDE.app/Contents/Eclipse/plugins/com.st.stm32cube.ide.mcu.externaltools.gnu-tools-for-stm32.13.3.rel1.macos64_1.0.0.202411102158/tools/bin/../lib/gcc/arm-none-eabi/13.3.1/thumb/v8-m.main+dp/hard/libgcc.a
LOAD /Applications/STM32CubeIDE.app/Contents/Eclipse/plugins/com.st.stm32cube.ide.mcu.externaltools.gnu-tools-for-stm32.13.3.rel1.macos64_1.0.0.202411102158/tools/bin/../lib/gcc/arm-none-eabi/13.3.1/../../../../arm-none-eabi/lib/thumb/v8-m.main+dp/hard/libc_nano.a
END GROUP
START GROUP
LOAD /Applications/STM32CubeIDE.app/Contents/Eclipse/plugins/com.st.stm32cube.ide.mcu.externaltools.gnu-tools-for-stm32.13.3.rel1.macos64_1.0.0.202411102158/tools/bin/../lib/gcc/arm-none-eabi/13.3.1/thumb/v8-m.main+dp/hard/libgcc.a
LOAD /Applications/STM32CubeIDE.app/Contents/Eclipse/plugins/com.st.stm32cube.ide.mcu.externaltools.gnu-tools-for-stm32.13.3.rel1.macos64_1.0.0.202411102158/tools/bin/../lib/gcc/arm-none-eabi/13.3.1/../../../../arm-none-eabi/lib/thumb/v8-m.main+dp/hard/libc_nano.a
LOAD /Applications/STM32CubeIDE.app/Contents/Eclipse/plugins/com.st.stm32cube.ide.mcu.externaltools.gnu-tools-for-stm32.13.3.rel1.macos64_1.0.0.202411102158/tools/bin/../lib/gcc/arm-none-eabi/13.3.1/../../../../arm-none-eabi/lib/thumb/v8-m.main+dp/hard/libnosys.a
END GROUP
START GROUP
LOAD /Applications/STM32CubeIDE.app/Contents/Eclipse/plugins/com.st.stm32cube.ide.mcu.externaltools.gnu-tools-for-stm32.13.3.rel1.macos64_1.0.0.202411102158/tools/bin/../lib/gcc/arm-none-eabi/13.3.1/thumb/v8-m.main+dp/hard/libgcc.a
LOAD /Applications/STM32CubeIDE.app/Contents/Eclipse/plugins/com.st.stm32cube.ide.mcu.externaltools.gnu-tools-for-stm32.13.3.rel1.macos64_1.0.0.202411102158/tools/bin/../lib/gcc/arm-none-eabi/13.3.1/../../../../arm-none-eabi/lib/thumb/v8-m.main+dp/hard/libc_nano.a
LOAD /Applications/STM32CubeIDE.app/Contents/Eclipse/plugins/com.st.stm32cube.ide.mcu.externaltools.gnu-tools-for-stm32.13.3.rel1.macos64_1.0.0.202411102158/tools/bin/../lib/gcc/arm-none-eabi/13.3.1/../../../../arm-none-eabi/lib/thumb/v8-m.main+dp/hard/libnosys.a
END GROUP
LOAD /Applications/STM32CubeIDE.app/Contents/Eclipse/plugins/com.st.stm32cube.ide.mcu.externaltools.gnu-tools-for-stm32.13.3.rel1.macos64_1.0.0.202411102158/tools/bin/../lib/gcc/arm-none-eabi/13.3.1/thumb/v8-m.main+dp/hard/crtend.o
LOAD /Applications/STM32CubeIDE.app/Contents/Eclipse/plugins/com.st.stm32cube.ide.mcu.externaltools.gnu-tools-for-stm32.13.3.rel1.macos64_1.0.0.202411102158/tools/bin/../lib/gcc/arm-none-eabi/13.3.1/thumb/v8-m.main+dp/hard/crtn.o
                0x34200000                        _estack = (ORIGIN (RAM) + LENGTH (RAM))
                0x341ff800                        _sstack = (_estack - _Min_Stack_Size)
                0x00000800                        _Min_Heap_Size = 0x800
                0x00000800                        _Min_Stack_Size = 0x800

.isr_vector     0x34000400      0x34c
                0x34000400                        . = ALIGN (0x4)
 *(.isr_vector)
 .isr_vector    0x34000400      0x34c ./Core/Startup/startup_stm32n657x0hxq.o
                0x34000400                g_pfnVectors
                0x3400074c                        . = ALIGN (0x4)

.text           0x3400074c     0x22bc
                0x3400074c                        . = ALIGN (0x4)
 *(.text)
 .text          0x3400074c       0x40 /Applications/STM32CubeIDE.app/Contents/Eclipse/plugins/com.st.stm32cube.ide.mcu.externaltools.gnu-tools-for-stm32.13.3.rel1.macos64_1.0.0.202411102158/tools/bin/../lib/gcc/arm-none-eabi/13.3.1/thumb/v8-m.main+dp/hard/crtbegin.o
 *(.text*)
 .text.startup.main
                0x3400078c      0x2b0 ./Core/Src/main.o
                0x3400078c                main
 .text.SECURE_RegisterCallback
                0x34000a3c       0x30 ./Core/Src/secure_nsc.o
                0x34000a3c                __acle_se_SECURE_RegisterCallback
 .text.HAL_MspInit
                0x34000a6c       0x12 ./Core/Src/stm32n6xx_hal_msp.o
                0x34000a6c                HAL_MspInit
 *fill*         0x34000a7e        0x2 
 .text.HAL_CACHEAXI_MspInit
                0x34000a80       0x28 ./Core/Src/stm32n6xx_hal_msp.o
                0x34000a80                HAL_CACHEAXI_MspInit
 .text.NMI_Handler
                0x34000aa8        0x2 ./Core/Src/stm32n6xx_it.o
                0x34000aa8                NMI_Handler
 .text.HardFault_Handler
                0x34000aaa        0x2 ./Core/Src/stm32n6xx_it.o
                0x34000aaa                HardFault_Handler
 .text.MemManage_Handler
                0x34000aac        0x2 ./Core/Src/stm32n6xx_it.o
                0x34000aac                MemManage_Handler
 .text.BusFault_Handler
                0x34000aae        0x2 ./Core/Src/stm32n6xx_it.o
                0x34000aae                BusFault_Handler
 .text.UsageFault_Handler
                0x34000ab0        0x2 ./Core/Src/stm32n6xx_it.o
                0x34000ab0                UsageFault_Handler
 .text.SecureFault_Handler
                0x34000ab2        0x2 ./Core/Src/stm32n6xx_it.o
                0x34000ab2                SecureFault_Handler
 .text.SVC_Handler
                0x34000ab4        0x2 ./Core/Src/stm32n6xx_it.o
                0x34000ab4                SVC_Handler
 .text.DebugMon_Handler
                0x34000ab6        0x2 ./Core/Src/stm32n6xx_it.o
                0x34000ab6                DebugMon_Handler
 .text.PendSV_Handler
                0x34000ab8        0x2 ./Core/Src/stm32n6xx_it.o
                0x34000ab8                PendSV_Handler
 .text.SysTick_Handler
                0x34000aba        0x4 ./Core/Src/stm32n6xx_it.o
                0x34000aba                SysTick_Handler
 *fill*         0x34000abe        0x2 
 .text.SystemInit
                0x34000ac0       0x98 ./Core/Src/system_stm32n6xx_s.o
                0x34000ac0                SystemInit
 .text.SystemCoreClockUpdate
                0x34000b58      0x1dc ./Core/Src/system_stm32n6xx_s.o
                0x34000b58                SystemCoreClockUpdate
 .text.SECURE_SystemCoreClockUpdate
                0x34000d34       0x24 ./Core/Src/system_stm32n6xx_s.o
                0x34000d34                __acle_se_SECURE_SystemCoreClockUpdate
 .text.Reset_Handler
                0x34000d58       0x5c ./Core/Startup/startup_stm32n657x0hxq.o
                0x34000d58                Reset_Handler
 .text.Default_Handler
                0x34000db4        0x2 ./Core/Startup/startup_stm32n657x0hxq.o
                0x34000db4                HASH_IRQHandler
                0x34000db4                EXTI2_IRQHandler
                0x34000db4                MCE2_IRQHandler
                0x34000db4                TIM8_CC_IRQHandler
                0x34000db4                USB2_OTG_HS_IRQHandler
                0x34000db4                SAI1_A_IRQHandler
                0x34000db4                EXTI5_IRQHandler
                0x34000db4                I3C1_ER_IRQHandler
                0x34000db4                UART8_IRQHandler
                0x34000db4                CTI_INT0_IRQHandler
                0x34000db4                SPI4_IRQHandler
                0x34000db4                LTDC_LO_IRQHandler
                0x34000db4                NPU2_IRQHandler
                0x34000db4                FDCAN3_IT0_IRQHandler
                0x34000db4                EXTI13_IRQHandler
                0x34000db4                TIM1_CC_IRQHandler
                0x34000db4                XSPI1_IRQHandler
                0x34000db4                TIM10_IRQHandler
                0x34000db4                JPEG_IRQHandler
                0x34000db4                TAMP_IRQHandler
                0x34000db4                CACHE_ECC_IRQHandler
                0x34000db4                TIM6_IRQHandler
                0x34000db4                CSI_IRQHandler
                0x34000db4                EXTI12_IRQHandler
                0x34000db4                GFXTIM_IRQHandler
                0x34000db4                EXTI3_IRQHandler
                0x34000db4                LPTIM4_IRQHandler
                0x34000db4                GPDMA1_Channel5_IRQHandler
                0x34000db4                EXTI8_IRQHandler
                0x34000db4                LPTIM2_IRQHandler
                0x34000db4                GFXMMU_IRQHandler
                0x34000db4                LTDC_LO_ERR_IRQHandler
                0x34000db4                I2C3_ER_IRQHandler
                0x34000db4                RIFSC_TAMPER_IRQHandler
                0x34000db4                USART10_IRQHandler
                0x34000db4                MDF1_FLT2_IRQHandler
                0x34000db4                LPTIM3_IRQHandler
                0x34000db4                SAI2_A_IRQHandler
                0x34000db4                EXTI0_IRQHandler
                0x34000db4                HPDMA1_Channel9_IRQHandler
                0x34000db4                I2C2_EV_IRQHandler
                0x34000db4                GPU2D_IRQHandler
                0x34000db4                FPU_IRQHandler
                0x34000db4                GPDMA1_Channel3_IRQHandler
                0x34000db4                GPDMA1_Channel7_IRQHandler
                0x34000db4                MDF1_FLT4_IRQHandler
                0x34000db4                FDCAN1_IT1_IRQHandler
                0x34000db4                HPDMA1_Channel3_IRQHandler
                0x34000db4                ADC1_2_IRQHandler
                0x34000db4                GPDMA1_Channel9_IRQHandler
                0x34000db4                SPI1_IRQHandler
                0x34000db4                CACHEAXI_IRQHandler
                0x34000db4                SAI1_B_IRQHandler
                0x34000db4                GPDMA1_Channel2_IRQHandler
                0x34000db4                PAHB_ERR_IRQHandler
                0x34000db4                TIM8_UP_IRQHandler
                0x34000db4                RCC_S_IRQHandler
                0x34000db4                MDF1_FLT1_IRQHandler
                0x34000db4                LTDC_UP_IRQHandler
                0x34000db4                LOCKUP_IRQHandler
                0x34000db4                PKA_IRQHandler
                0x34000db4                USART6_IRQHandler
                0x34000db4                HPDMA1_Channel2_IRQHandler
                0x34000db4                MDF1_FLT5_IRQHandler
                0x34000db4                MCE4_IRQHandler
                0x34000db4                I3C2_ER_IRQHandler
                0x34000db4                EXTI15_IRQHandler
                0x34000db4                TIM17_IRQHandler
                0x34000db4                USART3_IRQHandler
                0x34000db4                HPDMA1_Channel6_IRQHandler
                0x34000db4                CRYP_IRQHandler
                0x34000db4                RTC_IRQHandler
                0x34000db4                XSPI2_IRQHandler
                0x34000db4                EXTI9_IRQHandler
                0x34000db4                IAC_IRQHandler
                0x34000db4                HPDMA1_Channel0_IRQHandler
                0x34000db4                LPTIM5_IRQHandler
                0x34000db4                HPDMA1_Channel1_IRQHandler
                0x34000db4                UART5_IRQHandler
                0x34000db4                TIM4_IRQHandler
                0x34000db4                NPU3_IRQHandler
                0x34000db4                I3C2_EV_IRQHandler
                0x34000db4                I2C1_EV_IRQHandler
                0x34000db4                FDCAN_CU_IRQHandler
                0x34000db4                GPDMA1_Channel12_IRQHandler
                0x34000db4                HPDMA1_Channel7_IRQHandler
                0x34000db4                GPDMA1_Channel1_IRQHandler
                0x34000db4                TIM16_IRQHandler
                0x34000db4                GPDMA1_Channel15_IRQHandler
                0x34000db4                UART4_IRQHandler
                0x34000db4                TCM_ECC_IRQHandler
                0x34000db4                TIM3_IRQHandler
                0x34000db4                RCC_IRQHandler
                0x34000db4                UART9_IRQHandler
                0x34000db4                NPU1_IRQHandler
                0x34000db4                SAI2_B_IRQHandler
                0x34000db4                Default_Handler
                0x34000db4                GPDMA1_Channel8_IRQHandler
                0x34000db4                HPDMA1_Channel8_IRQHandler
                0x34000db4                TIM18_IRQHandler
                0x34000db4                TIM14_IRQHandler
                0x34000db4                TIM13_IRQHandler
                0x34000db4                CTI_INT1_IRQHandler
                0x34000db4                GPDMA1_Channel11_IRQHandler
                0x34000db4                GPU2D_ER_IRQHandler
                0x34000db4                SPI5_IRQHandler
                0x34000db4                TIM12_IRQHandler
                0x34000db4                TIM7_IRQHandler
                0x34000db4                FDCAN3_IT1_IRQHandler
                0x34000db4                HPDMA1_Channel10_IRQHandler
                0x34000db4                SDMMC1_IRQHandler
                0x34000db4                SAES_IRQHandler
                0x34000db4                TIM5_IRQHandler
                0x34000db4                UCPD1_IRQHandler
                0x34000db4                GPDMA1_Channel0_IRQHandler
                0x34000db4                I3C1_EV_IRQHandler
                0x34000db4                HPDMA1_Channel5_IRQHandler
                0x34000db4                TIM15_IRQHandler
                0x34000db4                I2C3_EV_IRQHandler
                0x34000db4                HPDMA1_Channel4_IRQHandler
                0x34000db4                HPDMA1_Channel15_IRQHandler
                0x34000db4                TIM9_IRQHandler
                0x34000db4                ETH1_IRQHandler
                0x34000db4                USB1_OTG_HS_IRQHandler
                0x34000db4                PVD_PVM_IRQHandler
                0x34000db4                SPI2_IRQHandler
                0x34000db4                TIM1_TRG_CCU_IRQHandler
                0x34000db4                HPDMA1_Channel11_IRQHandler
                0x34000db4                EXTI14_IRQHandler
                0x34000db4                EXTI11_IRQHandler
                0x34000db4                VENC_IRQHandler
                0x34000db4                GPDMA1_Channel14_IRQHandler
                0x34000db4                EXTI4_IRQHandler
                0x34000db4                RTC_S_IRQHandler
                0x34000db4                GPDMA1_Channel13_IRQHandler
                0x34000db4                RNG_IRQHandler
                0x34000db4                XSPI3_IRQHandler
                0x34000db4                FDCAN2_IT1_IRQHandler
                0x34000db4                TIM1_UP_IRQHandler
                0x34000db4                NPU0_IRQHandler
                0x34000db4                BCK_ECC_IRQHandler
                0x34000db4                WWDG_IRQHandler
                0x34000db4                SPI6_IRQHandler
                0x34000db4                MDIOS_IRQHandler
                0x34000db4                I2C4_EV_IRQHandler
                0x34000db4                FDCAN2_IT0_IRQHandler
                0x34000db4                HPDMA1_Channel14_IRQHandler
                0x34000db4                LPUART1_IRQHandler
                0x34000db4                FDCAN1_IT0_IRQHandler
                0x34000db4                MDF1_FLT0_IRQHandler
                0x34000db4                TIM2_IRQHandler
                0x34000db4                MCE3_IRQHandler
                0x34000db4                GPDMA1_Channel4_IRQHandler
                0x34000db4                EXTI7_IRQHandler
                0x34000db4                DMA2D_IRQHandler
                0x34000db4                TIM1_BRK_IRQHandler
                0x34000db4                EXTI1_IRQHandler
                0x34000db4                SDMMC2_IRQHandler
                0x34000db4                TIM11_IRQHandler
                0x34000db4                LTDC_UP_ERR_IRQHandler
                0x34000db4                UART7_IRQHandler
                0x34000db4                DTS_IRQHandler
                0x34000db4                MDF1_FLT3_IRQHandler
                0x34000db4                USART2_IRQHandler
                0x34000db4                GPDMA1_Channel6_IRQHandler
                0x34000db4                ADF1_FLT0_IRQHandler
                0x34000db4                I2C2_ER_IRQHandler
                0x34000db4                MCE1_IRQHandler
                0x34000db4                SPDIFRX_IRQHandler
                0x34000db4                TIM8_BRK_IRQHandler
                0x34000db4                HPDMA1_Channel12_IRQHandler
                0x34000db4                USART1_IRQHandler
                0x34000db4                EXTI10_IRQHandler
                0x34000db4                SPI3_IRQHandler
                0x34000db4                WAKEUP_PIN_IRQHandler
                0x34000db4                DCMIPP_IRQHandler
                0x34000db4                I2C1_ER_IRQHandler
                0x34000db4                FMC_IRQHandler
                0x34000db4                EXTI6_IRQHandler
                0x34000db4                LPTIM1_IRQHandler
                0x34000db4                DCMI_PSSI_IRQHandler
                0x34000db4                TIM8_TRG_CCU_IRQHandler
                0x34000db4                I2C4_ER_IRQHandler
                0x34000db4                GPDMA1_Channel10_IRQHandler
                0x34000db4                ICACHE_IRQHandler
                0x34000db4                HPDMA1_Channel13_IRQHandler
 *fill*         0x34000db6        0x2 
 .text.HAL_InitTick
                0x34000db8       0x4c ./Drivers/STM32N6xx_HAL_Driver/stm32n6xx_hal.o
                0x34000db8                HAL_InitTick
 .text.HAL_Init
                0x34000e04       0x22 ./Drivers/STM32N6xx_HAL_Driver/stm32n6xx_hal.o
                0x34000e04                HAL_Init
 *fill*         0x34000e26        0x2 
 .text.HAL_IncTick
                0x34000e28       0x18 ./Drivers/STM32N6xx_HAL_Driver/stm32n6xx_hal.o
                0x34000e28                HAL_IncTick
 .text.HAL_GetTick
                0x34000e40        0xc ./Drivers/STM32N6xx_HAL_Driver/stm32n6xx_hal.o
                0x34000e40                HAL_GetTick
 .text.HAL_CACHEAXI_Enable
                0x34000e4c       0x46 ./Drivers/STM32N6xx_HAL_Driver/stm32n6xx_hal_cacheaxi.o
                0x34000e4c                HAL_CACHEAXI_Enable
 .text.HAL_CACHEAXI_Init
                0x34000e92       0x24 ./Drivers/STM32N6xx_HAL_Driver/stm32n6xx_hal_cacheaxi.o
                0x34000e92                HAL_CACHEAXI_Init
 *fill*         0x34000eb6        0x2 
 .text.HAL_NVIC_SetPriorityGrouping
                0x34000eb8       0x24 ./Drivers/STM32N6xx_HAL_Driver/stm32n6xx_hal_cortex.o
                0x34000eb8                HAL_NVIC_SetPriorityGrouping
 .text.HAL_NVIC_SetPriority
                0x34000edc       0x68 ./Drivers/STM32N6xx_HAL_Driver/stm32n6xx_hal_cortex.o
                0x34000edc                HAL_NVIC_SetPriority
 .text.HAL_SYSTICK_Config
                0x34000f44       0x28 ./Drivers/STM32N6xx_HAL_Driver/stm32n6xx_hal_cortex.o
                0x34000f44                HAL_SYSTICK_Config
 .text.HAL_GPIO_ConfigPinAttributes
                0x34000f6c       0x3c ./Drivers/STM32N6xx_HAL_Driver/stm32n6xx_hal_gpio.o
                0x34000f6c                HAL_GPIO_ConfigPinAttributes
 .text.HAL_PWREx_EnableVddIO2
                0x34000fa8       0x10 ./Drivers/STM32N6xx_HAL_Driver/stm32n6xx_hal_pwr_ex.o
                0x34000fa8                HAL_PWREx_EnableVddIO2
 .text.HAL_PWREx_EnableVddIO3
                0x34000fb8       0x10 ./Drivers/STM32N6xx_HAL_Driver/stm32n6xx_hal_pwr_ex.o
                0x34000fb8                HAL_PWREx_EnableVddIO3
 .text.HAL_PWREx_EnableVddIO4
                0x34000fc8       0x10 ./Drivers/STM32N6xx_HAL_Driver/stm32n6xx_hal_pwr_ex.o
                0x34000fc8                HAL_PWREx_EnableVddIO4
 .text.HAL_RIF_RIMC_ConfigMasterAttributes
                0x34000fd8       0x2c ./Drivers/STM32N6xx_HAL_Driver/stm32n6xx_hal_rif.o
                0x34000fd8                HAL_RIF_RIMC_ConfigMasterAttributes
 .text.LL_MEM_EnableClock
                0x34001004       0x18 ./X-CUBE-AI/App/app_x-cube-ai.o
 .text.LL_MEM_EnableClockLowPower
                0x3400101c       0x18 ./X-CUBE-AI/App/app_x-cube-ai.o
 .text.LL_AHB5_GRP1_EnableClockLowPower
                0x34001034       0x18 ./X-CUBE-AI/App/app_x-cube-ai.o
 .text.set_clk_sleep_mode
                0x3400104c       0xb8 ./X-CUBE-AI/App/app_x-cube-ai.o
                0x3400104c                set_clk_sleep_mode
 .text.MX_X_CUBE_AI_Init
                0x34001104       0x54 ./X-CUBE-AI/App/app_x-cube-ai.o
                0x34001104                MX_X_CUBE_AI_Init
 .text.MX_X_CUBE_AI_Process
                0x34001158       0x6c ./X-CUBE-AI/App/app_x-cube-ai.o
                0x34001158                MX_X_CUBE_AI_Process
 .text.LL_ATON_End_EpochBlock_36
                0x340011c4       0x20 ./X-CUBE-AI/App/network.o
 .text.LL_ATON_End_EpochBlock_35
                0x340011e4       0x20 ./X-CUBE-AI/App/network.o
 .text.LL_ATON_End_EpochBlock_34
                0x34001204       0x20 ./X-CUBE-AI/App/network.o
 .text.LL_ATON_End_EpochBlock_33
                0x34001224       0x20 ./X-CUBE-AI/App/network.o
 .text.LL_ATON_End_EpochBlock_32
                0x34001244       0x20 ./X-CUBE-AI/App/network.o
 .text.LL_ATON_End_EpochBlock_31
                0x34001264       0x20 ./X-CUBE-AI/App/network.o
 .text.LL_ATON_End_EpochBlock_29
                0x34001284       0x20 ./X-CUBE-AI/App/network.o
 .text.LL_ATON_End_EpochBlock_28
                0x340012a4       0x20 ./X-CUBE-AI/App/network.o
 .text.LL_ATON_End_EpochBlock_26
                0x340012c4       0x20 ./X-CUBE-AI/App/network.o
 .text.LL_ATON_End_EpochBlock_25
                0x340012e4       0x20 ./X-CUBE-AI/App/network.o
 .text.LL_ATON_End_EpochBlock_19
                0x34001304       0x20 ./X-CUBE-AI/App/network.o
 .text.LL_ATON_End_EpochBlock_18
                0x34001324       0x20 ./X-CUBE-AI/App/network.o
 .text.LL_ATON_End_EpochBlock_12
                0x34001344       0x20 ./X-CUBE-AI/App/network.o
 .text.LL_ATON_End_EpochBlock_11
                0x34001364       0x20 ./X-CUBE-AI/App/network.o
 .text.LL_ATON_End_EpochBlock_10
                0x34001384       0x20 ./X-CUBE-AI/App/network.o
 .text.LL_ATON_End_EpochBlock_9
                0x340013a4       0x20 ./X-CUBE-AI/App/network.o
 .text.LL_ATON_End_EpochBlock_8
                0x340013c4       0x20 ./X-CUBE-AI/App/network.o
 .text.LL_ATON_End_EpochBlock_7
                0x340013e4       0x20 ./X-CUBE-AI/App/network.o
 .text.LL_ATON_End_EpochBlock_6
                0x34001404       0x20 ./X-CUBE-AI/App/network.o
 .text.LL_ATON_End_EpochBlock_5
                0x34001424       0x20 ./X-CUBE-AI/App/network.o
 .text.LL_ATON_End_EpochBlock_4
                0x34001444       0x20 ./X-CUBE-AI/App/network.o
 .text.LL_ATON_End_EpochBlock_3
                0x34001464       0x20 ./X-CUBE-AI/App/network.o
 .text.LL_ATON_End_EpochBlock_2
                0x34001484       0x20 ./X-CUBE-AI/App/network.o
 .text.LL_ATON_End_EpochBlock_1
                0x340014a4       0x20 ./X-CUBE-AI/App/network.o
 .text.LL_ATON_Start_EpochBlock_35
                0x340014c4       0x48 ./X-CUBE-AI/App/network.o
 .text.LL_ATON_Start_EpochBlock_32
                0x3400150c       0xd4 ./X-CUBE-AI/App/network.o
 .text.LL_ATON_Start_EpochBlock_31
                0x340015e0       0x48 ./X-CUBE-AI/App/network.o
 .text.LL_ATON_Start_EpochBlock_28
                0x34001628       0x48 ./X-CUBE-AI/App/network.o
 .text.LL_ATON_Start_EpochBlock_25
                0x34001670       0x3c ./X-CUBE-AI/App/network.o
 .text.LL_ATON_Start_EpochBlock_18
                0x340016ac       0x3c ./X-CUBE-AI/App/network.o
 .text.LL_ATON_Start_EpochBlock_11
                0x340016e8       0x3c ./X-CUBE-AI/App/network.o
 .text.LL_ATON_Start_EpochBlock_9
                0x34001724       0xa4 ./X-CUBE-AI/App/network.o
 .text.LL_ATON_Start_EpochBlock_8
                0x340017c8       0xe0 ./X-CUBE-AI/App/network.o
 .text.LL_ATON_Start_EpochBlock_7
                0x340018a8       0xa4 ./X-CUBE-AI/App/network.o
 .text.LL_ATON_Start_EpochBlock_5
                0x3400194c       0xa4 ./X-CUBE-AI/App/network.o
 .text.LL_ATON_Start_EpochBlock_4
                0x340019f0       0x78 ./X-CUBE-AI/App/network.o
 .text.LL_ATON_Start_EpochBlock_3
                0x34001a68       0xf0 ./X-CUBE-AI/App/network.o
 .text.LL_ATON_Start_EpochBlock_2
                0x34001b58       0xf0 ./X-CUBE-AI/App/network.o
 .text.LL_ATON_Start_EpochBlock_1
                0x34001c48       0x48 ./X-CUBE-AI/App/network.o
 .text.LL_ATON_Start_EpochBlock_36
                0x34001c90       0x7c ./X-CUBE-AI/App/network.o
 .text.LL_ATON_Start_EpochBlock_34
                0x34001d0c       0xcc ./X-CUBE-AI/App/network.o
 .text.LL_ATON_Start_EpochBlock_33
                0x34001dd8       0xcc ./X-CUBE-AI/App/network.o
 .text.LL_ATON_Start_EpochBlock_29
                0x34001ea4       0xcc ./X-CUBE-AI/App/network.o
 .text.LL_ATON_Start_EpochBlock_26
                0x34001f70       0x7c ./X-CUBE-AI/App/network.o
 .text.LL_ATON_Start_EpochBlock_19
                0x34001fec       0xa4 ./X-CUBE-AI/App/network.o
 .text.LL_ATON_Start_EpochBlock_12
                0x34002090       0x64 ./X-CUBE-AI/App/network.o
 .text.LL_ATON_End_EpochBlock_30
                0x340020f4      0x11c ./X-CUBE-AI/App/network.o
 .text.LL_ATON_End_EpochBlock_27
                0x34002210      0x118 ./X-CUBE-AI/App/network.o
 .text.LL_ATON_End_EpochBlock_24
                0x34002328       0x4c ./X-CUBE-AI/App/network.o
 .text.LL_ATON_End_EpochBlock_17
                0x34002374       0x4c ./X-CUBE-AI/App/network.o
 .text.LL_ATON_End_EpochBlock_23
                0x340023c0       0x40 ./X-CUBE-AI/App/network.o
 .text.LL_ATON_End_EpochBlock_16
                0x34002400       0x40 ./X-CUBE-AI/App/network.o
 .text.LL_ATON_End_EpochBlock_22
                0x34002440       0xbc ./X-CUBE-AI/App/network.o
 .text.LL_ATON_End_EpochBlock_15
                0x340024fc       0xd0 ./X-CUBE-AI/App/network.o
 .text.LL_ATON_End_EpochBlock_21
                0x340025cc       0x94 ./X-CUBE-AI/App/network.o
 .text.LL_ATON_End_EpochBlock_14
                0x34002660       0x90 ./X-CUBE-AI/App/network.o
 .text.LL_ATON_End_EpochBlock_20
                0x340026f0       0x4c ./X-CUBE-AI/App/network.o
 .text.LL_ATON_End_EpochBlock_13
                0x3400273c       0x4c ./X-CUBE-AI/App/network.o
 .text.LL_ATON_Start_EpochBlock_10
                0x34002788       0xec ./X-CUBE-AI/App/network.o
 .text.LL_ATON_Start_EpochBlock_6
                0x34002874       0xec ./X-CUBE-AI/App/network.o
 .text.LL_ATON_Set_User_Input_Buffer_Default
                0x34002960        0x4 ./X-CUBE-AI/App/network.o
                0x34002960                LL_ATON_Set_User_Input_Buffer_Default
 .text.LL_ATON_Get_User_Input_Buffer_Default
                0x34002964        0x4 ./X-CUBE-AI/App/network.o
                0x34002964                LL_ATON_Get_User_Input_Buffer_Default
 .text.LL_ATON_Set_User_Output_Buffer_Default
                0x34002968        0x4 ./X-CUBE-AI/App/network.o
                0x34002968                LL_ATON_Set_User_Output_Buffer_Default
 .text.LL_ATON_Get_User_Output_Buffer_Default
                0x3400296c        0x4 ./X-CUBE-AI/App/network.o
                0x3400296c                LL_ATON_Get_User_Output_Buffer_Default
 .text.LL_ATON_EC_Network_Init_Default
                0x34002970        0x4 ./X-CUBE-AI/App/network.o
                0x34002970                LL_ATON_EC_Network_Init_Default
 .text.LL_ATON_EC_Inference_Init_Default
                0x34002974        0x4 ./X-CUBE-AI/App/network.o
                0x34002974                LL_ATON_EC_Inference_Init_Default
 .text.LL_ATON_EpochBlockItems_Default
                0x34002978        0x8 ./X-CUBE-AI/App/network.o
                0x34002978                LL_ATON_EpochBlockItems_Default
 .text.LL_ATON_Input_Buffers_Info_Default
                0x34002980        0x8 ./X-CUBE-AI/App/network.o
                0x34002980                LL_ATON_Input_Buffers_Info_Default
 .text.LL_ATON_Output_Buffers_Info_Default
                0x34002988        0x8 ./X-CUBE-AI/App/network.o
                0x34002988                LL_ATON_Output_Buffers_Info_Default
 .text.LL_ATON_Internal_Buffers_Info_Default
                0x34002990        0x8 ./X-CUBE-AI/App/network.o
                0x34002990                LL_ATON_Internal_Buffers_Info_Default
 .text.memset   0x34002998       0x10 /Applications/STM32CubeIDE.app/Contents/Eclipse/plugins/com.st.stm32cube.ide.mcu.externaltools.gnu-tools-for-stm32.13.3.rel1.macos64_1.0.0.202411102158/tools/bin/../lib/gcc/arm-none-eabi/13.3.1/../../../../arm-none-eabi/lib/thumb/v8-m.main+dp/hard/libc_nano.a(libc_a-memset.o)
                0x34002998                memset
 .text.__libc_init_array
                0x340029a8       0x48 /Applications/STM32CubeIDE.app/Contents/Eclipse/plugins/com.st.stm32cube.ide.mcu.externaltools.gnu-tools-for-stm32.13.3.rel1.macos64_1.0.0.202411102158/tools/bin/../lib/gcc/arm-none-eabi/13.3.1/../../../../arm-none-eabi/lib/thumb/v8-m.main+dp/hard/libc_nano.a(libc_a-init.o)
                0x340029a8                __libc_init_array
 *(.glue_7)
 .glue_7        0x340029f0        0x0 linker stubs
 *(.glue_7t)
 .glue_7t       0x340029f0        0x0 linker stubs
 *(.eh_frame)
 .eh_frame      0x340029f0        0x0 /Applications/STM32CubeIDE.app/Contents/Eclipse/plugins/com.st.stm32cube.ide.mcu.externaltools.gnu-tools-for-stm32.13.3.rel1.macos64_1.0.0.202411102158/tools/bin/../lib/gcc/arm-none-eabi/13.3.1/thumb/v8-m.main+dp/hard/crtbegin.o
 *(.RamFunc)
 *(.RamFunc*)
 *(.init)
 .init          0x340029f0        0x4 /Applications/STM32CubeIDE.app/Contents/Eclipse/plugins/com.st.stm32cube.ide.mcu.externaltools.gnu-tools-for-stm32.13.3.rel1.macos64_1.0.0.202411102158/tools/bin/../lib/gcc/arm-none-eabi/13.3.1/thumb/v8-m.main+dp/hard/crti.o
                0x340029f0                _init
 .init          0x340029f4        0x8 /Applications/STM32CubeIDE.app/Contents/Eclipse/plugins/com.st.stm32cube.ide.mcu.externaltools.gnu-tools-for-stm32.13.3.rel1.macos64_1.0.0.202411102158/tools/bin/../lib/gcc/arm-none-eabi/13.3.1/thumb/v8-m.main+dp/hard/crtn.o
 *(.fini)
 .fini          0x340029fc        0x4 /Applications/STM32CubeIDE.app/Contents/Eclipse/plugins/com.st.stm32cube.ide.mcu.externaltools.gnu-tools-for-stm32.13.3.rel1.macos64_1.0.0.202411102158/tools/bin/../lib/gcc/arm-none-eabi/13.3.1/thumb/v8-m.main+dp/hard/crti.o
                0x340029fc                _fini
 .fini          0x34002a00        0x8 /Applications/STM32CubeIDE.app/Contents/Eclipse/plugins/com.st.stm32cube.ide.mcu.externaltools.gnu-tools-for-stm32.13.3.rel1.macos64_1.0.0.202411102158/tools/bin/../lib/gcc/arm-none-eabi/13.3.1/thumb/v8-m.main+dp/hard/crtn.o
                0x34002a08                        . = ALIGN (0x4)
                0x34002a08                        _etext = .

.vfp11_veneer   0x34002a08        0x0
 .vfp11_veneer  0x34002a08        0x0 linker stubs

.v4_bx          0x34002a08        0x0
 .v4_bx         0x34002a08        0x0 linker stubs

.iplt           0x34002a08        0x0
 .iplt          0x34002a08        0x0 /Applications/STM32CubeIDE.app/Contents/Eclipse/plugins/com.st.stm32cube.ide.mcu.externaltools.gnu-tools-for-stm32.13.3.rel1.macos64_1.0.0.202411102158/tools/bin/../lib/gcc/arm-none-eabi/13.3.1/thumb/v8-m.main+dp/hard/crtbegin.o

.rodata         0x34002a08     0x7250
                0x34002a08                        . = ALIGN (0x4)
 *(.rodata)
 *(.rodata*)
 .rodata.str1.1
                0x34002a08      0x5c3 ./X-CUBE-AI/App/app_x-cube-ai.o
                                  0x8 (size before relaxing)
 *fill*         0x34002fcb        0x1 
 .rodata.NN_Interface_Default
                0x34002fcc       0x2c ./X-CUBE-AI/App/app_x-cube-ai.o
 .rodata.buff_info__shape_1_1_300_300.0
                0x34002ff8       0x10 ./X-CUBE-AI/App/network.o
 .rodata.buff_info__mem_shape_F_1_1_300_300.1
                0x34003008       0x10 ./X-CUBE-AI/App/network.o
 .rodata.buff_info_Conv2D_4_zero_off_out_1_quant_scale.2
                0x34003018        0x4 ./X-CUBE-AI/App/network.o
 .rodata.buff_info_Conv2D_4_zero_off_out_1_quant_offset.3
                0x3400301c        0x2 ./X-CUBE-AI/App/network.o
 *fill*         0x3400301e        0x2 
 .rodata.buff_info__shape_1_16_300_300.4
                0x34003020       0x10 ./X-CUBE-AI/App/network.o
 .rodata.buff_info__mem_shape_M_1_16_300_300.5
                0x34003030       0x14 ./X-CUBE-AI/App/network.o
 .rodata.buff_info_Conv2D_8_zero_off_out_10_quant_scale.6
                0x34003044        0x4 ./X-CUBE-AI/App/network.o
 .rodata.buff_info_Conv2D_8_zero_off_out_10_quant_offset.7
                0x34003048        0x2 ./X-CUBE-AI/App/network.o
 *fill*         0x3400304a        0x2 
 .rodata.buff_info__shape_1_16_150_150.8
                0x3400304c       0x10 ./X-CUBE-AI/App/network.o
 .rodata.buff_info__mem_shape_M_1_16_150_150.9
                0x3400305c       0x14 ./X-CUBE-AI/App/network.o
 .rodata.buff_info_Conv2D_13_zero_off_out_19_quant_scale.10
                0x34003070        0x4 ./X-CUBE-AI/App/network.o
 .rodata.buff_info_Conv2D_13_zero_off_out_19_quant_offset.11
                0x34003074        0x2 ./X-CUBE-AI/App/network.o
 *fill*         0x34003076        0x2 
 .rodata.buff_info_Conv2D_17_zero_off_out_28_quant_scale.12
                0x34003078        0x4 ./X-CUBE-AI/App/network.o
 .rodata.buff_info_Conv2D_17_zero_off_out_28_quant_offset.13
                0x3400307c        0x2 ./X-CUBE-AI/App/network.o
 *fill*         0x3400307e        0x2 
 .rodata.buff_info__shape_1_16_75_75.14
                0x34003080       0x10 ./X-CUBE-AI/App/network.o
 .rodata.buff_info__mem_shape_L_1_16_75_75.15
                0x34003090       0x10 ./X-CUBE-AI/App/network.o
 .rodata.buff_info_Conv2D_22_zero_off_out_37_quant_scale.16
                0x340030a0        0x4 ./X-CUBE-AI/App/network.o
 .rodata.buff_info_Conv2D_22_zero_off_out_37_quant_offset.17
                0x340030a4        0x2 ./X-CUBE-AI/App/network.o
 *fill*         0x340030a6        0x2 
 .rodata.buff_info__mem_shape_F_1_16_75_75.18
                0x340030a8       0x10 ./X-CUBE-AI/App/network.o
 .rodata.buff_info_Conv2D_22_zero_off_out_37_cp_in_109_quant_scale.19
                0x340030b8        0x4 ./X-CUBE-AI/App/network.o
 .rodata.buff_info_Conv2D_22_zero_off_out_37_cp_in_109_quant_offset.20
                0x340030bc        0x2 ./X-CUBE-AI/App/network.o
 *fill*         0x340030be        0x2 
 .rodata.buff_info__shape_1_16_76_76.21
                0x340030c0       0x10 ./X-CUBE-AI/App/network.o
 .rodata.buff_info__mem_shape_L_1_16_76_76.22
                0x340030d0       0x10 ./X-CUBE-AI/App/network.o
 .rodata.buff_info__shape_1_64_38_38.23
                0x340030e0       0x10 ./X-CUBE-AI/App/network.o
 .rodata.buff_info__mem_shape_L_1_64_38_38.24
                0x340030f0       0x10 ./X-CUBE-AI/App/network.o
 .rodata.buff_info_Conv2D_22_zero_off_out_37_inserted_out245_inserted_out246_quant_scale.25
                0x34003100        0x4 ./X-CUBE-AI/App/network.o
 .rodata.buff_info_Conv2D_22_zero_off_out_37_inserted_out245_inserted_out246_quant_offset.26
                0x34003104        0x2 ./X-CUBE-AI/App/network.o
 *fill*         0x34003106        0x2 
 .rodata.buff_info__shape_1_128_38_38.27
                0x34003108       0x10 ./X-CUBE-AI/App/network.o
 .rodata.buff_info__mem_shape_L_1_128_38_38.28
                0x34003118       0x10 ./X-CUBE-AI/App/network.o
 .rodata.buff_info__shape_1_32_76_76.29
                0x34003128       0x10 ./X-CUBE-AI/App/network.o
 .rodata.buff_info__mem_shape_L_1_32_76_76.30
                0x34003138       0x10 ./X-CUBE-AI/App/network.o
 .rodata.buff_info__mem_shape_F_1_32_76_76.31
                0x34003148       0x10 ./X-CUBE-AI/App/network.o
 .rodata.buff_info__shape_1_512_19_19.32
                0x34003158       0x10 ./X-CUBE-AI/App/network.o
 .rodata.buff_info__mem_shape_L_1_512_19_19.33
                0x34003168       0x10 ./X-CUBE-AI/App/network.o
 .rodata.buff_info_Conv2D_26_zero_off_out_46_inserted_out259_inserted_out260_quant_scale.34
                0x34003178        0x4 ./X-CUBE-AI/App/network.o
 .rodata.buff_info_Conv2D_26_zero_off_out_46_inserted_out259_inserted_out260_quant_offset.35
                0x3400317c        0x2 ./X-CUBE-AI/App/network.o
 *fill*         0x3400317e        0x2 
 .rodata.buff_info__shape_1_32_75_75.36
                0x34003180       0x10 ./X-CUBE-AI/App/network.o
 .rodata.buff_info__mem_shape_L_1_32_75_75.37
                0x34003190       0x10 ./X-CUBE-AI/App/network.o
 .rodata.buff_info_Conv2D_26_off_bias_out_52_quant_scale.38
                0x340031a0        0x4 ./X-CUBE-AI/App/network.o
 .rodata.buff_info_Conv2D_26_off_bias_out_52_quant_offset.39
                0x340031a4        0x2 ./X-CUBE-AI/App/network.o
 *fill*         0x340031a6        0x2 
 .rodata.buff_info__shape_1_32_150_150.40
                0x340031a8       0x10 ./X-CUBE-AI/App/network.o
 .rodata.buff_info__mem_shape_L_1_32_150_150.41
                0x340031b8       0x10 ./X-CUBE-AI/App/network.o
 .rodata.buff_info_Resize_29_out_0_quant_scale.42
                0x340031c8        0x4 ./X-CUBE-AI/App/network.o
 .rodata.buff_info_Resize_29_out_0_quant_offset.43
                0x340031cc        0x2 ./X-CUBE-AI/App/network.o
 *fill*         0x340031ce        0x2 
 .rodata.buff_info__mem_shape_M_1_32_150_150.44
                0x340031d0       0x14 ./X-CUBE-AI/App/network.o
 .rodata.buff_info_Conv2D_31_zero_off_out_55_quant_scale.45
                0x340031e4        0x4 ./X-CUBE-AI/App/network.o
 .rodata.buff_info_Conv2D_31_zero_off_out_55_quant_offset.46
                0x340031e8        0x2 ./X-CUBE-AI/App/network.o
 *fill*         0x340031ea        0x2 
 .rodata.buff_info__mem_shape_L_1_16_150_150.47
                0x340031ec       0x10 ./X-CUBE-AI/App/network.o
 .rodata.buff_info_Conv2D_31_off_bias_out_61_quant_scale.48
                0x340031fc        0x4 ./X-CUBE-AI/App/network.o
 .rodata.buff_info_Conv2D_31_off_bias_out_61_quant_offset.49
                0x34003200        0x2 ./X-CUBE-AI/App/network.o
 *fill*         0x34003202        0x2 
 .rodata.buff_info__mem_shape_L_1_16_300_300.50
                0x34003204       0x10 ./X-CUBE-AI/App/network.o
 .rodata.buff_info_Resize_34_out_0_quant_scale.51
                0x34003214        0x4 ./X-CUBE-AI/App/network.o
 .rodata.buff_info_Resize_34_out_0_quant_offset.52
                0x34003218        0x2 ./X-CUBE-AI/App/network.o
 *fill*         0x3400321a        0x2 
 .rodata.buff_info_Conv2D_36_zero_off_out_64_quant_scale.53
                0x3400321c        0x4 ./X-CUBE-AI/App/network.o
 .rodata.buff_info_Conv2D_36_zero_off_out_64_quant_offset.54
                0x34003220        0x2 ./X-CUBE-AI/App/network.o
 *fill*         0x34003222        0x2 
 .rodata.buff_info_Conv2D_36_off_bias_out_70_quant_scale.55
                0x34003224        0x4 ./X-CUBE-AI/App/network.o
 .rodata.buff_info_Conv2D_36_off_bias_out_70_quant_offset.56
                0x34003228        0x2 ./X-CUBE-AI/App/network.o
 *fill*         0x3400322a        0x2 
 .rodata.buff_info_Conv2D_39_zero_off_out_73_quant_scale.57
                0x3400322c        0x4 ./X-CUBE-AI/App/network.o
 .rodata.buff_info_Conv2D_39_zero_off_out_73_quant_offset.58
                0x34003230        0x2 ./X-CUBE-AI/App/network.o
 *fill*         0x34003232        0x2 
 .rodata.buff_info_Conv2D_41_zero_off_out_82_quant_scale.59
                0x34003234        0x4 ./X-CUBE-AI/App/network.o
 .rodata.buff_info_Conv2D_41_zero_off_out_82_quant_offset.60
                0x34003238        0x2 ./X-CUBE-AI/App/network.o
 *fill*         0x3400323a        0x2 
 .rodata.buff_info_Conv2D_43_zero_off_out_91_quant_scale.61
                0x3400323c        0x4 ./X-CUBE-AI/App/network.o
 .rodata.buff_info_Conv2D_43_zero_off_out_91_quant_offset.62
                0x34003240        0x2 ./X-CUBE-AI/App/network.o
 *fill*         0x34003242        0x2 
 .rodata.buff_info_Conv2D_45_zero_off_out_100_quant_scale.63
                0x34003244        0x4 ./X-CUBE-AI/App/network.o
 .rodata.buff_info_Conv2D_45_zero_off_out_100_quant_offset.64
                0x34003248        0x2 ./X-CUBE-AI/App/network.o
 .rodata.str1.1
                0x3400324a      0x5bb ./X-CUBE-AI/App/network.o
 *fill*         0x3400324a        0x2 
 .rodata.buff_info.65
                0x3400324c      0x818 ./X-CUBE-AI/App/network.o
 .rodata.buff_info__shape_1_1_300_300.66
                0x34003a64       0x10 ./X-CUBE-AI/App/network.o
 .rodata.buff_info__mem_shape_F_1_1_300_300.67
                0x34003a74       0x10 ./X-CUBE-AI/App/network.o
 .rodata.buff_info_Quantize_40_out_0_quant_scale.68
                0x34003a84        0x4 ./X-CUBE-AI/App/network.o
 .rodata.buff_info_Quantize_40_out_0_quant_offset.69
                0x34003a88        0x2 ./X-CUBE-AI/App/network.o
 *fill*         0x34003a8a        0x2 
 .rodata.buff_info_Quantize_42_out_0_quant_scale.70
                0x34003a8c        0x4 ./X-CUBE-AI/App/network.o
 .rodata.buff_info_Quantize_42_out_0_quant_offset.71
                0x34003a90        0x2 ./X-CUBE-AI/App/network.o
 *fill*         0x34003a92        0x2 
 .rodata.buff_info_Quantize_44_out_0_quant_scale.72
                0x34003a94        0x4 ./X-CUBE-AI/App/network.o
 .rodata.buff_info_Quantize_44_out_0_quant_offset.73
                0x34003a98        0x2 ./X-CUBE-AI/App/network.o
 *fill*         0x34003a9a        0x2 
 .rodata.buff_info_Quantize_46_out_0_quant_scale.74
                0x34003a9c        0x4 ./X-CUBE-AI/App/network.o
 .rodata.buff_info_Quantize_46_out_0_quant_offset.75
                0x34003aa0        0x2 ./X-CUBE-AI/App/network.o
 *fill*         0x34003aa2        0x2 
 .rodata.buff_info.76
                0x34003aa4      0x118 ./X-CUBE-AI/App/network.o
 .rodata.buff_info__shape_1_1_300_300.77
                0x34003bbc       0x10 ./X-CUBE-AI/App/network.o
 .rodata.buff_info__mem_shape_F_1_1_300_300.78
                0x34003bcc       0x10 ./X-CUBE-AI/App/network.o
 .rodata.buff_info_Input_0_out_0_quant_scale.79
                0x34003bdc        0x4 ./X-CUBE-AI/App/network.o
 .rodata.buff_info_Input_0_out_0_quant_offset.80
                0x34003be0        0x2 ./X-CUBE-AI/App/network.o
 *fill*         0x34003be2        0x2 
 .rodata.buff_info.81
                0x34003be4       0x70 ./X-CUBE-AI/App/network.o
 .rodata.Enable_epoch_1_all_units.82
                0x34003c54        0xc ./X-CUBE-AI/App/network.o
 .rodata.switch_init_in_1.83
                0x34003c60       0x20 ./X-CUBE-AI/App/network.o
 .rodata.Conv2D_4_suboff_0_dma_init_out_0_1.84
                0x34003c80       0x40 ./X-CUBE-AI/App/network.o
 .rodata.Conv2D_4_suboff_0_dma_init_in_0_1.85
                0x34003cc0       0x40 ./X-CUBE-AI/App/network.o
 .rodata.Conv2D_4_suboff_0_init1.86
                0x34003d00       0x38 ./X-CUBE-AI/App/network.o
 .rodata.Disable_epoch_1_all_units.87
                0x34003d38        0xc ./X-CUBE-AI/App/network.o
 .rodata.switch_deinit_in_1.88
                0x34003d44       0x20 ./X-CUBE-AI/App/network.o
 .rodata.Enable_epoch_2_all_units.89
                0x34003d64       0x40 ./X-CUBE-AI/App/network.o
 .rodata.switch_init_in_2.90
                0x34003da4       0xf0 ./X-CUBE-AI/App/network.o
 .rodata.Conv2D_4_add_4_dma_init_out_0_2.91
                0x34003e94       0x40 ./X-CUBE-AI/App/network.o
 .rodata.Conv2D_4_subm_3_dma_init_in_1_2.92
                0x34003ed4       0x40 ./X-CUBE-AI/App/network.o
 .rodata.Conv2D_4_subm_3_dma_init_in_0_2.93
                0x34003f14       0x40 ./X-CUBE-AI/App/network.o
 .rodata.Conv2D_4_subm_2_dma_init_in_1_2.94
                0x34003f54       0x40 ./X-CUBE-AI/App/network.o
 .rodata.Conv2D_4_subm_2_dma_init_in_0_2.95
                0x34003f94       0x40 ./X-CUBE-AI/App/network.o
 .rodata.Conv2D_4_subm_1_dma_init_in_1_2.96
                0x34003fd4       0x40 ./X-CUBE-AI/App/network.o
 .rodata.Conv2D_4_subm_1_dma_init_in_0_2.97
                0x34004014       0x40 ./X-CUBE-AI/App/network.o
 .rodata.Conv2D_4_subm_0_dma_init_in_1_2.98
                0x34004054       0x40 ./X-CUBE-AI/App/network.o
 .rodata.Conv2D_4_subm_0_dma_init_in_0_2.99
                0x34004094       0x40 ./X-CUBE-AI/App/network.o
 .rodata.Conv2D_4_add_4_init2.100
                0x340040d4       0x38 ./X-CUBE-AI/App/network.o
 .rodata.Conv2D_4_add_1_init2.101
                0x3400410c       0x38 ./X-CUBE-AI/App/network.o
 .rodata.Conv2D_4_subm_3_init2.102
                0x34004144       0x3c ./X-CUBE-AI/App/network.o
 .rodata.Conv2D_4_subm_2_init2.103
                0x34004180       0x3c ./X-CUBE-AI/App/network.o
 .rodata.Conv2D_4_add_0_init2.104
                0x340041bc       0x38 ./X-CUBE-AI/App/network.o
 .rodata.Conv2D_4_subm_1_init2.105
                0x340041f4       0x3c ./X-CUBE-AI/App/network.o
 .rodata.Conv2D_4_subm_0_init2.106
                0x34004230       0x3c ./X-CUBE-AI/App/network.o
 .rodata.Disable_epoch_2_all_units.107
                0x3400426c       0x40 ./X-CUBE-AI/App/network.o
 .rodata.switch_deinit_in_2.108
                0x340042ac       0xf0 ./X-CUBE-AI/App/network.o
 .rodata.Enable_epoch_3_all_units.109
                0x3400439c       0x40 ./X-CUBE-AI/App/network.o
 .rodata.switch_init_in_3.110
                0x340043dc       0xf0 ./X-CUBE-AI/App/network.o
 .rodata.Conv2D_4_add_5_dma_init_out_0_3.111
                0x340044cc       0x40 ./X-CUBE-AI/App/network.o
 .rodata.Conv2D_4_subm_7_dma_init_in_1_3.112
                0x3400450c       0x40 ./X-CUBE-AI/App/network.o
 .rodata.Conv2D_4_subm_7_dma_init_in_0_3.113
                0x3400454c       0x40 ./X-CUBE-AI/App/network.o
 .rodata.Conv2D_4_subm_6_dma_init_in_1_3.114
                0x3400458c       0x40 ./X-CUBE-AI/App/network.o
 .rodata.Conv2D_4_subm_6_dma_init_in_0_3.115
                0x340045cc       0x40 ./X-CUBE-AI/App/network.o
 .rodata.Conv2D_4_subm_5_dma_init_in_1_3.116
                0x3400460c       0x40 ./X-CUBE-AI/App/network.o
 .rodata.Conv2D_4_subm_5_dma_init_in_0_3.117
                0x3400464c       0x40 ./X-CUBE-AI/App/network.o
 .rodata.Conv2D_4_subm_4_dma_init_in_1_3.118
                0x3400468c       0x40 ./X-CUBE-AI/App/network.o
 .rodata.Conv2D_4_subm_4_dma_init_in_0_3.119
                0x340046cc       0x40 ./X-CUBE-AI/App/network.o
 .rodata.Conv2D_4_add_5_init3.120
                0x3400470c       0x38 ./X-CUBE-AI/App/network.o
 .rodata.Conv2D_4_add_3_init3.121
                0x34004744       0x38 ./X-CUBE-AI/App/network.o
 .rodata.Conv2D_4_subm_7_init3.122
                0x3400477c       0x3c ./X-CUBE-AI/App/network.o
 .rodata.Conv2D_4_subm_6_init3.123
                0x340047b8       0x3c ./X-CUBE-AI/App/network.o
 .rodata.Conv2D_4_add_2_init3.124
                0x340047f4       0x38 ./X-CUBE-AI/App/network.o
 .rodata.Conv2D_4_subm_5_init3.125
                0x3400482c       0x3c ./X-CUBE-AI/App/network.o
 .rodata.Conv2D_4_subm_4_init3.126
                0x34004868       0x3c ./X-CUBE-AI/App/network.o
 .rodata.Disable_epoch_3_all_units.127
                0x340048a4       0x40 ./X-CUBE-AI/App/network.o
 .rodata.switch_deinit_in_3.128
                0x340048e4       0xf0 ./X-CUBE-AI/App/network.o
 .rodata.Enable_epoch_4_all_units.129
                0x340049d4       0x1c ./X-CUBE-AI/App/network.o
 .rodata.switch_init_in_4.130
                0x340049f0       0x60 ./X-CUBE-AI/App/network.o
 .rodata.Conv2D_8_suboff_9_dma_init_out_0_4.131
                0x34004a50       0x40 ./X-CUBE-AI/App/network.o
 .rodata.Conv2D_4_add_6_dma_init_in_1_4.132
                0x34004a90       0x40 ./X-CUBE-AI/App/network.o
 .rodata.Conv2D_4_add_6_dma_init_in_0_4.133
                0x34004ad0       0x40 ./X-CUBE-AI/App/network.o
 .rodata.Conv2D_8_suboff_9_init4.134
                0x34004b10       0x38 ./X-CUBE-AI/App/network.o
 .rodata.Conv2D_4_off_bias_6_init4.135
                0x34004b48       0x38 ./X-CUBE-AI/App/network.o
 .rodata.Conv2D_4_mul_scale_3_init4.136
                0x34004b80       0x38 ./X-CUBE-AI/App/network.o
 .rodata.Conv2D_4_add_6_init4.137
                0x34004bb8       0x38 ./X-CUBE-AI/App/network.o
 .rodata.Disable_epoch_4_all_units.138
                0x34004bf0       0x1c ./X-CUBE-AI/App/network.o
 .rodata.switch_deinit_in_4.139
                0x34004c0c       0x60 ./X-CUBE-AI/App/network.o
 .rodata.Enable_epoch_5_all_units.140
                0x34004c6c       0x28 ./X-CUBE-AI/App/network.o
 .rodata.switch_init_in_5.141
                0x34004c94       0xc0 ./X-CUBE-AI/App/network.o
 .rodata.Conv2D_8_subm_1_ca_pipe_3_dma_init_out_0_5.142
                0x34004d54       0x40 ./X-CUBE-AI/App/network.o
 .rodata.Conv2D_8_subm_1_ca_pipe_3_dma_init_in_0_5.143
                0x34004d94       0x40 ./X-CUBE-AI/App/network.o
 .rodata.Conv2D_8_subm_1_ca_pipe_2_dma_init_in_0_5.144
                0x34004dd4       0x40 ./X-CUBE-AI/App/network.o
 .rodata.Conv2D_8_subm_1_ca_pipe_1_dma_init_in_0_5.145
                0x34004e14       0x40 ./X-CUBE-AI/App/network.o
 .rodata.Conv2D_8_subm_1_dma_init_in_1_5.146
                0x34004e54       0x40 ./X-CUBE-AI/App/network.o
 .rodata.Conv2D_8_subm_1_dma_init_in_0_5.147
                0x34004e94       0x40 ./X-CUBE-AI/App/network.o
 .rodata.Conv2D_8_subm_1_ca_pipe_3_init5.148
                0x34004ed4       0x3c ./X-CUBE-AI/App/network.o
 .rodata.Conv2D_8_subm_1_ca_pipe_2_init5.149
                0x34004f10       0x3c ./X-CUBE-AI/App/network.o
 .rodata.Conv2D_8_subm_1_ca_pipe_1_init5.150
                0x34004f4c       0x3c ./X-CUBE-AI/App/network.o
 .rodata.Conv2D_8_subm_1_init5.151
                0x34004f88       0x3c ./X-CUBE-AI/App/network.o
 .rodata.Disable_epoch_5_all_units.152
                0x34004fc4       0x28 ./X-CUBE-AI/App/network.o
 .rodata.switch_deinit_in_5.153
                0x34004fec       0xc0 ./X-CUBE-AI/App/network.o
 .rodata.Enable_epoch_6_all_units.154
                0x340050ac       0x40 ./X-CUBE-AI/App/network.o
 .rodata.switch_init_in_6.155
                0x340050ec      0x120 ./X-CUBE-AI/App/network.o
 .rodata.Conv2D_13_suboff_18_dma_init_out_0_6.156
                0x3400520c       0x40 ./X-CUBE-AI/App/network.o
 .rodata.Conv2D_8_add_0_dma_init_in_1_6.157
                0x3400524c       0x40 ./X-CUBE-AI/App/network.o
 .rodata.Conv2D_8_subm_0_ca_pipe_3_dma_init_in_0_6.158
                0x3400528c       0x40 ./X-CUBE-AI/App/network.o
 .rodata.Conv2D_8_subm_0_ca_pipe_2_dma_init_in_0_6.159
                0x340052cc       0x40 ./X-CUBE-AI/App/network.o
 .rodata.Conv2D_8_subm_0_ca_pipe_1_dma_init_in_0_6.160
                0x3400530c       0x40 ./X-CUBE-AI/App/network.o
 .rodata.Conv2D_8_subm_0_dma_init_in_1_6.161
                0x3400534c       0x40 ./X-CUBE-AI/App/network.o
 .rodata.Conv2D_8_subm_0_dma_init_in_0_6.162
                0x3400538c       0x40 ./X-CUBE-AI/App/network.o
 .rodata.Conv2D_13_suboff_18_init6.163
                0x340053cc       0x38 ./X-CUBE-AI/App/network.o
 .rodata.MaxPool_11_init6.164
                0x34005404       0x2c ./X-CUBE-AI/App/network.o
 .rodata.Conv2D_8_off_bias_15_init6.165
                0x34005430       0x38 ./X-CUBE-AI/App/network.o
 .rodata.Conv2D_8_mul_scale_12_init6.166
                0x34005468       0x38 ./X-CUBE-AI/App/network.o
 .rodata.Conv2D_8_add_0_init6.167
                0x340054a0       0x38 ./X-CUBE-AI/App/network.o
 .rodata.Conv2D_8_subm_0_ca_pipe_3_init6.168
                0x340054d8       0x3c ./X-CUBE-AI/App/network.o
 .rodata.Conv2D_8_subm_0_ca_pipe_2_init6.169
                0x34005514       0x3c ./X-CUBE-AI/App/network.o
 .rodata.Conv2D_8_subm_0_ca_pipe_1_init6.170
                0x34005550       0x3c ./X-CUBE-AI/App/network.o
 .rodata.Conv2D_8_subm_0_init6.171
                0x3400558c       0x3c ./X-CUBE-AI/App/network.o
 .rodata.Disable_epoch_6_all_units.172
                0x340055c8       0x40 ./X-CUBE-AI/App/network.o
 .rodata.switch_deinit_in_6.173
                0x34005608      0x120 ./X-CUBE-AI/App/network.o
 .rodata.Enable_epoch_7_all_units.174
                0x34005728       0x28 ./X-CUBE-AI/App/network.o
 .rodata.switch_init_in_7.175
                0x34005750       0xc0 ./X-CUBE-AI/App/network.o
 .rodata.Conv2D_13_subm_1_ca_pipe_3_dma_init_out_0_7.176
                0x34005810       0x40 ./X-CUBE-AI/App/network.o
 .rodata.Conv2D_13_subm_1_ca_pipe_3_dma_init_in_0_7.177
                0x34005850       0x40 ./X-CUBE-AI/App/network.o
 .rodata.Conv2D_13_subm_1_ca_pipe_2_dma_init_in_0_7.178
                0x34005890       0x40 ./X-CUBE-AI/App/network.o
 .rodata.Conv2D_13_subm_1_ca_pipe_1_dma_init_in_0_7.179
                0x340058d0       0x40 ./X-CUBE-AI/App/network.o
 .rodata.Conv2D_13_subm_1_dma_init_in_1_7.180
                0x34005910       0x40 ./X-CUBE-AI/App/network.o
 .rodata.Conv2D_13_subm_1_dma_init_in_0_7.181
                0x34005950       0x40 ./X-CUBE-AI/App/network.o
 .rodata.Conv2D_13_subm_1_ca_pipe_3_init7.182
                0x34005990       0x3c ./X-CUBE-AI/App/network.o
 .rodata.Conv2D_13_subm_1_ca_pipe_2_init7.183
                0x340059cc       0x3c ./X-CUBE-AI/App/network.o
 .rodata.Conv2D_13_subm_1_ca_pipe_1_init7.184
                0x34005a08       0x3c ./X-CUBE-AI/App/network.o
 .rodata.Conv2D_13_subm_1_init7.185
                0x34005a44       0x3c ./X-CUBE-AI/App/network.o
 .rodata.Disable_epoch_7_all_units.186
                0x34005a80       0x28 ./X-CUBE-AI/App/network.o
 .rodata.switch_deinit_in_7.187
                0x34005aa8       0xc0 ./X-CUBE-AI/App/network.o
 .rodata.Enable_epoch_8_all_units.188
                0x34005b68       0x3c ./X-CUBE-AI/App/network.o
 .rodata.switch_init_in_8.189
                0x34005ba4      0x110 ./X-CUBE-AI/App/network.o
 .rodata.Conv2D_17_suboff_27_dma_init_out_0_8.190
                0x34005cb4       0x40 ./X-CUBE-AI/App/network.o
 .rodata.Conv2D_13_add_0_dma_init_in_1_8.191
                0x34005cf4       0x40 ./X-CUBE-AI/App/network.o
 .rodata.Conv2D_13_subm_0_ca_pipe_3_dma_init_in_0_8.192
                0x34005d34       0x40 ./X-CUBE-AI/App/network.o
 .rodata.Conv2D_13_subm_0_ca_pipe_2_dma_init_in_0_8.193
                0x34005d74       0x40 ./X-CUBE-AI/App/network.o
 .rodata.Conv2D_13_subm_0_ca_pipe_1_dma_init_in_0_8.194
                0x34005db4       0x40 ./X-CUBE-AI/App/network.o
 .rodata.Conv2D_13_subm_0_dma_init_in_1_8.195
                0x34005df4       0x40 ./X-CUBE-AI/App/network.o
 .rodata.Conv2D_13_subm_0_dma_init_in_0_8.196
                0x34005e34       0x40 ./X-CUBE-AI/App/network.o
 .rodata.Conv2D_17_suboff_27_init8.197
                0x34005e74       0x38 ./X-CUBE-AI/App/network.o
 .rodata.Conv2D_13_off_bias_24_init8.198
                0x34005eac       0x38 ./X-CUBE-AI/App/network.o
 .rodata.Conv2D_13_mul_scale_21_init8.199
                0x34005ee4       0x38 ./X-CUBE-AI/App/network.o
 .rodata.Conv2D_13_add_0_init8.200
                0x34005f1c       0x38 ./X-CUBE-AI/App/network.o
 .rodata.Conv2D_13_subm_0_ca_pipe_3_init8.201
                0x34005f54       0x3c ./X-CUBE-AI/App/network.o
 .rodata.Conv2D_13_subm_0_ca_pipe_2_init8.202
                0x34005f90       0x3c ./X-CUBE-AI/App/network.o
 .rodata.Conv2D_13_subm_0_ca_pipe_1_init8.203
                0x34005fcc       0x3c ./X-CUBE-AI/App/network.o
 .rodata.Conv2D_13_subm_0_init8.204
                0x34006008       0x3c ./X-CUBE-AI/App/network.o
 .rodata.Disable_epoch_8_all_units.205
                0x34006044       0x3c ./X-CUBE-AI/App/network.o
 .rodata.switch_deinit_in_8.206
                0x34006080      0x110 ./X-CUBE-AI/App/network.o
 .rodata.Enable_epoch_9_all_units.207
                0x34006190       0x28 ./X-CUBE-AI/App/network.o
 .rodata.switch_init_in_9.208
                0x340061b8       0xc0 ./X-CUBE-AI/App/network.o
 .rodata.Conv2D_17_subm_1_ca_pipe_3_dma_init_out_0_9.209
                0x34006278       0x40 ./X-CUBE-AI/App/network.o
 .rodata.Conv2D_17_subm_1_ca_pipe_3_dma_init_in_0_9.210
                0x340062b8       0x40 ./X-CUBE-AI/App/network.o
 .rodata.Conv2D_17_subm_1_ca_pipe_2_dma_init_in_0_9.211
                0x340062f8       0x40 ./X-CUBE-AI/App/network.o
 .rodata.Conv2D_17_subm_1_ca_pipe_1_dma_init_in_0_9.212
                0x34006338       0x40 ./X-CUBE-AI/App/network.o
 .rodata.Conv2D_17_subm_1_dma_init_in_1_9.213
                0x34006378       0x40 ./X-CUBE-AI/App/network.o
 .rodata.Conv2D_17_subm_1_dma_init_in_0_9.214
                0x340063b8       0x40 ./X-CUBE-AI/App/network.o
 .rodata.Conv2D_17_subm_1_ca_pipe_3_init9.215
                0x340063f8       0x3c ./X-CUBE-AI/App/network.o
 .rodata.Conv2D_17_subm_1_ca_pipe_2_init9.216
                0x34006434       0x3c ./X-CUBE-AI/App/network.o
 .rodata.Conv2D_17_subm_1_ca_pipe_1_init9.217
                0x34006470       0x3c ./X-CUBE-AI/App/network.o
 .rodata.Conv2D_17_subm_1_init9.218
                0x340064ac       0x3c ./X-CUBE-AI/App/network.o
 .rodata.Disable_epoch_9_all_units.219
                0x340064e8       0x28 ./X-CUBE-AI/App/network.o
 .rodata.switch_deinit_in_9.220
                0x34006510       0xc0 ./X-CUBE-AI/App/network.o
 .rodata.Enable_epoch_10_all_units.221
                0x340065d0       0x40 ./X-CUBE-AI/App/network.o
 .rodata.switch_init_in_10.222
                0x34006610      0x120 ./X-CUBE-AI/App/network.o
 .rodata.Conv2D_22_suboff_36_dma_init_out_0_10.223
                0x34006730       0x40 ./X-CUBE-AI/App/network.o
 .rodata.Conv2D_17_add_0_dma_init_in_1_10.224
                0x34006770       0x40 ./X-CUBE-AI/App/network.o
 .rodata.Conv2D_17_subm_0_ca_pipe_3_dma_init_in_0_10.225
                0x340067b0       0x40 ./X-CUBE-AI/App/network.o
 .rodata.Conv2D_17_subm_0_ca_pipe_2_dma_init_in_0_10.226
                0x340067f0       0x40 ./X-CUBE-AI/App/network.o
 .rodata.Conv2D_17_subm_0_ca_pipe_1_dma_init_in_0_10.227
                0x34006830       0x40 ./X-CUBE-AI/App/network.o
 .rodata.Conv2D_17_subm_0_dma_init_in_1_10.228
                0x34006870       0x40 ./X-CUBE-AI/App/network.o
 .rodata.Conv2D_17_subm_0_dma_init_in_0_10.229
                0x340068b0       0x40 ./X-CUBE-AI/App/network.o
 .rodata.Conv2D_22_suboff_36_init10.230
                0x340068f0       0x38 ./X-CUBE-AI/App/network.o
 .rodata.MaxPool_20_init10.231
                0x34006928       0x2c ./X-CUBE-AI/App/network.o
 .rodata.Conv2D_17_off_bias_33_init10.232
                0x34006954       0x38 ./X-CUBE-AI/App/network.o
 .rodata.Conv2D_17_mul_scale_30_init10.233
                0x3400698c       0x38 ./X-CUBE-AI/App/network.o
 .rodata.Conv2D_17_add_0_init10.234
                0x340069c4       0x38 ./X-CUBE-AI/App/network.o
 .rodata.Conv2D_17_subm_0_ca_pipe_3_init10.235
                0x340069fc       0x3c ./X-CUBE-AI/App/network.o
 .rodata.Conv2D_17_subm_0_ca_pipe_2_init10.236
                0x34006a38       0x3c ./X-CUBE-AI/App/network.o
 .rodata.Conv2D_17_subm_0_ca_pipe_1_init10.237
                0x34006a74       0x3c ./X-CUBE-AI/App/network.o
 .rodata.Conv2D_17_subm_0_init10.238
                0x34006ab0       0x3c ./X-CUBE-AI/App/network.o
 .rodata.Disable_epoch_10_all_units.239
                0x34006aec       0x40 ./X-CUBE-AI/App/network.o
 .rodata.switch_deinit_in_10.240
                0x34006b2c      0x120 ./X-CUBE-AI/App/network.o
 .rodata.Enable_epoch_11_all_units.241
                0x34006c4c        0x8 ./X-CUBE-AI/App/network.o
 .rodata.switch_init_in_11.242
                0x34006c54       0x10 ./X-CUBE-AI/App/network.o
 .rodata.Pad_inserted_id245_conv_identity_dma_init_out_0_11.243
                0x34006c64       0x40 ./X-CUBE-AI/App/network.o
 .rodata.Pad_inserted_id245_conv_identity_dma_init_in_0_11.244
                0x34006ca4       0x40 ./X-CUBE-AI/App/network.o
 .rodata.Disable_epoch_11_all_units.245
                0x34006ce4        0x8 ./X-CUBE-AI/App/network.o
 .rodata.switch_deinit_in_11.246
                0x34006cec       0x10 ./X-CUBE-AI/App/network.o
 .rodata.Enable_epoch_12_all_units.247
                0x34006cfc       0x10 ./X-CUBE-AI/App/network.o
 .rodata.switch_init_in_12.248
                0x34006d0c       0x30 ./X-CUBE-AI/App/network.o
 .rodata.Pad_inserted_id245_dma_init_out_0_12.249
                0x34006d3c       0x40 ./X-CUBE-AI/App/network.o
 .rodata.Pad_inserted_id245_dma_init_in_1_12.250
                0x34006d7c       0x40 ./X-CUBE-AI/App/network.o
 .rodata.Pad_inserted_id245_dma_init_in_0_12.251
                0x34006dbc       0x40 ./X-CUBE-AI/App/network.o
 .rodata.Pad_inserted_id245_init12.252
                0x34006dfc       0x3c ./X-CUBE-AI/App/network.o
 .rodata.Disable_epoch_12_all_units.253
                0x34006e38       0x10 ./X-CUBE-AI/App/network.o
 .rodata.switch_deinit_in_12.254
                0x34006e48       0x30 ./X-CUBE-AI/App/network.o
 .rodata.SpaceToDepth_inserted_id246_tensor_info_in_13__shape_1_16_76_76.255
                0x34006e78       0x10 ./X-CUBE-AI/App/network.o
 .rodata.SpaceToDepth_inserted_id246_tensor_info_in_13__mem_shape_L_1_16_76_76.256
                0x34006e88       0x10 ./X-CUBE-AI/App/network.o
 .rodata.SpaceToDepth_inserted_id246_tensor_info_in_13_Conv2D_22_zero_off_out_37_inserted_out245_inserted_in246_quant_scale.257
                0x34006e98        0x4 ./X-CUBE-AI/App/network.o
 .rodata.SpaceToDepth_inserted_id246_tensor_info_in_13_Conv2D_22_zero_off_out_37_inserted_out245_inserted_in246_quant_offset.258
                0x34006e9c        0x2 ./X-CUBE-AI/App/network.o
 *fill*         0x34006e9e        0x2 
 .rodata.SpaceToDepth_inserted_id246_tensor_info_out_13__shape_1_64_38_38.259
                0x34006ea0       0x10 ./X-CUBE-AI/App/network.o
 .rodata.SpaceToDepth_inserted_id246_tensor_info_out_13__mem_shape_L_1_64_38_38.260
                0x34006eb0       0x10 ./X-CUBE-AI/App/network.o
 .rodata.SpaceToDepth_inserted_id246_tensor_info_out_13_Conv2D_22_zero_off_out_37_inserted_out245_inserted_out246_quant_scale.261
                0x34006ec0        0x4 ./X-CUBE-AI/App/network.o
 .rodata.SpaceToDepth_inserted_id246_tensor_info_out_13_Conv2D_22_zero_off_out_37_inserted_out245_inserted_out246_quant_offset.262
                0x34006ec4        0x2 ./X-CUBE-AI/App/network.o
 *fill*         0x34006ec6        0x2 
 .rodata.SpaceToDepth_inserted_id246_tensor_info_out_13.263
                0x34006ec8       0x70 ./X-CUBE-AI/App/network.o
 .rodata.SpaceToDepth_inserted_id246_tensor_info_in_13.264
                0x34006f38       0x70 ./X-CUBE-AI/App/network.o
 .rodata.Cast_inserted_id257_tensor_info_in_16__shape_1_128_38_38.265
                0x34006fa8       0x10 ./X-CUBE-AI/App/network.o
 .rodata.Cast_inserted_id257_tensor_info_in_16__mem_shape_L_1_128_38_38.266
                0x34006fb8       0x10 ./X-CUBE-AI/App/network.o
 .rodata.Cast_inserted_id257_tensor_info_out_16__shape_1_128_38_38.267
                0x34006fc8       0x10 ./X-CUBE-AI/App/network.o
 .rodata.Cast_inserted_id257_tensor_info_out_16__mem_shape_L_1_128_38_38.268
                0x34006fd8       0x10 ./X-CUBE-AI/App/network.o
 .rodata.Cast_inserted_id257_tensor_info_out_16.269
                0x34006fe8       0x70 ./X-CUBE-AI/App/network.o
 .rodata.Cast_inserted_id257_tensor_info_in_16.270
                0x34007058       0x70 ./X-CUBE-AI/App/network.o
 .rodata.DepthToSpace_inserted_id249_tensor_info_in_17__shape_1_128_38_38.271
                0x340070c8       0x10 ./X-CUBE-AI/App/network.o
 .rodata.DepthToSpace_inserted_id249_tensor_info_in_17__mem_shape_L_1_128_38_38.272
                0x340070d8       0x10 ./X-CUBE-AI/App/network.o
 .rodata.DepthToSpace_inserted_id249_tensor_info_out_17__shape_1_32_76_76.273
                0x340070e8       0x10 ./X-CUBE-AI/App/network.o
 .rodata.DepthToSpace_inserted_id249_tensor_info_out_17__mem_shape_L_1_32_76_76.274
                0x340070f8       0x10 ./X-CUBE-AI/App/network.o
 .rodata.DepthToSpace_inserted_id249_tensor_info_out_17.275
                0x34007108       0x70 ./X-CUBE-AI/App/network.o
 .rodata.DepthToSpace_inserted_id249_tensor_info_in_17.276
                0x34007178       0x70 ./X-CUBE-AI/App/network.o
 .rodata.Enable_epoch_18_all_units.277
                0x340071e8        0x8 ./X-CUBE-AI/App/network.o
 .rodata.switch_init_in_18.278
                0x340071f0       0x10 ./X-CUBE-AI/App/network.o
 .rodata.Pad_inserted_id250_conv_identity_dma_init_out_0_18.279
                0x34007200       0x40 ./X-CUBE-AI/App/network.o
 .rodata.Pad_inserted_id250_conv_identity_dma_init_in_0_18.280
                0x34007240       0x40 ./X-CUBE-AI/App/network.o
 .rodata.Disable_epoch_18_all_units.281
                0x34007280        0x8 ./X-CUBE-AI/App/network.o
 .rodata.switch_deinit_in_18.282
                0x34007288       0x10 ./X-CUBE-AI/App/network.o
 .rodata.Enable_epoch_19_all_units.283
                0x34007298       0x24 ./X-CUBE-AI/App/network.o
 .rodata.switch_init_in_19.284
                0x340072bc       0x80 ./X-CUBE-AI/App/network.o
 .rodata.Pad_inserted_id259_dma_init_out_0_19.285
                0x3400733c       0x40 ./X-CUBE-AI/App/network.o
 .rodata.Pad_inserted_id259_dma_init_in_1_19.286
                0x3400737c       0x40 ./X-CUBE-AI/App/network.o
 .rodata.Pad_inserted_id250_dma_init_in_1_19.287
                0x340073bc       0x40 ./X-CUBE-AI/App/network.o
 .rodata.Pad_inserted_id250_dma_init_in_0_19.288
                0x340073fc       0x40 ./X-CUBE-AI/App/network.o
 .rodata.Pad_inserted_id259_init19.289
                0x3400743c       0x3c ./X-CUBE-AI/App/network.o
 .rodata.Conv2D_26_suboff_45_init19.290
                0x34007478       0x38 ./X-CUBE-AI/App/network.o
 .rodata.Conv2D_22_off_bias_42_init19.291
                0x340074b0       0x38 ./X-CUBE-AI/App/network.o
 .rodata.Conv2D_22_mul_scale_39_init19.292
                0x340074e8       0x38 ./X-CUBE-AI/App/network.o
 .rodata.Pad_inserted_id250_init19.293
                0x34007520       0x3c ./X-CUBE-AI/App/network.o
 .rodata.Disable_epoch_19_all_units.294
                0x3400755c       0x24 ./X-CUBE-AI/App/network.o
 .rodata.switch_deinit_in_19.295
                0x34007580       0x80 ./X-CUBE-AI/App/network.o
 .rodata.SpaceToDepth_inserted_id260_tensor_info_in_20__shape_1_32_76_76.296
                0x34007600       0x10 ./X-CUBE-AI/App/network.o
 .rodata.SpaceToDepth_inserted_id260_tensor_info_in_20__mem_shape_L_1_32_76_76.297
                0x34007610       0x10 ./X-CUBE-AI/App/network.o
 .rodata.SpaceToDepth_inserted_id260_tensor_info_in_20_Conv2D_26_zero_off_out_46_inserted_out259_inserted_in260_quant_scale.298
                0x34007620        0x4 ./X-CUBE-AI/App/network.o
 .rodata.SpaceToDepth_inserted_id260_tensor_info_in_20_Conv2D_26_zero_off_out_46_inserted_out259_inserted_in260_quant_offset.299
                0x34007624        0x2 ./X-CUBE-AI/App/network.o
 *fill*         0x34007626        0x2 
 .rodata.SpaceToDepth_inserted_id260_tensor_info_out_20__shape_1_512_19_19.300
                0x34007628       0x10 ./X-CUBE-AI/App/network.o
 .rodata.SpaceToDepth_inserted_id260_tensor_info_out_20__mem_shape_L_1_512_19_19.301
                0x34007638       0x10 ./X-CUBE-AI/App/network.o
 .rodata.SpaceToDepth_inserted_id260_tensor_info_out_20_Conv2D_26_zero_off_out_46_inserted_out259_inserted_out260_quant_scale.302
                0x34007648        0x4 ./X-CUBE-AI/App/network.o
 .rodata.SpaceToDepth_inserted_id260_tensor_info_out_20_Conv2D_26_zero_off_out_46_inserted_out259_inserted_out260_quant_offset.303
                0x3400764c        0x2 ./X-CUBE-AI/App/network.o
 *fill*         0x3400764e        0x2 
 .rodata.SpaceToDepth_inserted_id260_tensor_info_out_20.304
                0x34007650       0x70 ./X-CUBE-AI/App/network.o
 .rodata.SpaceToDepth_inserted_id260_tensor_info_in_20.305
                0x340076c0       0x70 ./X-CUBE-AI/App/network.o
 .rodata.Cast_inserted_id271_tensor_info_in_23__shape_1_512_19_19.306
                0x34007730       0x10 ./X-CUBE-AI/App/network.o
 .rodata.Cast_inserted_id271_tensor_info_in_23__mem_shape_L_1_512_19_19.307
                0x34007740       0x10 ./X-CUBE-AI/App/network.o
 .rodata.Cast_inserted_id271_tensor_info_out_23__shape_1_512_19_19.308
                0x34007750       0x10 ./X-CUBE-AI/App/network.o
 .rodata.Cast_inserted_id271_tensor_info_out_23__mem_shape_L_1_512_19_19.309
                0x34007760       0x10 ./X-CUBE-AI/App/network.o
 .rodata.Cast_inserted_id271_tensor_info_out_23.310
                0x34007770       0x70 ./X-CUBE-AI/App/network.o
 .rodata.Cast_inserted_id271_tensor_info_in_23.311
                0x340077e0       0x70 ./X-CUBE-AI/App/network.o
 .rodata.DepthToSpace_inserted_id263_tensor_info_in_24__shape_1_512_19_19.312
                0x34007850       0x10 ./X-CUBE-AI/App/network.o
 .rodata.DepthToSpace_inserted_id263_tensor_info_in_24__mem_shape_L_1_512_19_19.313
                0x34007860       0x10 ./X-CUBE-AI/App/network.o
 .rodata.DepthToSpace_inserted_id263_tensor_info_out_24__shape_1_32_76_76.314
                0x34007870       0x10 ./X-CUBE-AI/App/network.o
 .rodata.DepthToSpace_inserted_id263_tensor_info_out_24__mem_shape_L_1_32_76_76.315
                0x34007880       0x10 ./X-CUBE-AI/App/network.o
 .rodata.DepthToSpace_inserted_id263_tensor_info_out_24.316
                0x34007890       0x70 ./X-CUBE-AI/App/network.o
 .rodata.DepthToSpace_inserted_id263_tensor_info_in_24.317
                0x34007900       0x70 ./X-CUBE-AI/App/network.o
 .rodata.Enable_epoch_25_all_units.318
                0x34007970        0x8 ./X-CUBE-AI/App/network.o
 .rodata.switch_init_in_25.319
                0x34007978       0x10 ./X-CUBE-AI/App/network.o
 .rodata.Pad_inserted_id264_conv_identity_dma_init_out_0_25.320
                0x34007988       0x40 ./X-CUBE-AI/App/network.o
 .rodata.Pad_inserted_id264_conv_identity_dma_init_in_0_25.321
                0x340079c8       0x40 ./X-CUBE-AI/App/network.o
 .rodata.Disable_epoch_25_all_units.322
                0x34007a08        0x8 ./X-CUBE-AI/App/network.o
 .rodata.switch_deinit_in_25.323
                0x34007a10       0x10 ./X-CUBE-AI/App/network.o
 .rodata.Enable_epoch_26_all_units.324
                0x34007a20       0x18 ./X-CUBE-AI/App/network.o
 .rodata.switch_init_in_26.325
                0x34007a38       0x50 ./X-CUBE-AI/App/network.o
 .rodata.Conv2D_26_off_bias_51_dma_init_out_0_26.326
                0x34007a88       0x40 ./X-CUBE-AI/App/network.o
 .rodata.Pad_inserted_id264_dma_init_in_1_26.327
                0x34007ac8       0x40 ./X-CUBE-AI/App/network.o
 .rodata.Pad_inserted_id264_dma_init_in_0_26.328
                0x34007b08       0x40 ./X-CUBE-AI/App/network.o
 .rodata.Conv2D_26_off_bias_51_init26.329
                0x34007b48       0x38 ./X-CUBE-AI/App/network.o
 .rodata.Conv2D_26_mul_scale_48_init26.330
                0x34007b80       0x38 ./X-CUBE-AI/App/network.o
 .rodata.Pad_inserted_id264_init26.331
                0x34007bb8       0x3c ./X-CUBE-AI/App/network.o
 .rodata.Disable_epoch_26_all_units.332
                0x34007bf4       0x18 ./X-CUBE-AI/App/network.o
 .rodata.switch_deinit_in_26.333
                0x34007c0c       0x50 ./X-CUBE-AI/App/network.o
 .rodata.Enable_epoch_28_all_units.334
                0x34007c5c        0xc ./X-CUBE-AI/App/network.o
 .rodata.switch_init_in_28.335
                0x34007c68       0x20 ./X-CUBE-AI/App/network.o
 .rodata.Conv2D_31_suboff_54_dma_init_out_0_28.336
                0x34007c88       0x40 ./X-CUBE-AI/App/network.o
 .rodata.Conv2D_31_suboff_54_dma_init_in_0_28.337
                0x34007cc8       0x40 ./X-CUBE-AI/App/network.o
 .rodata.Conv2D_31_suboff_54_init28.338
                0x34007d08       0x38 ./X-CUBE-AI/App/network.o
 .rodata.Disable_epoch_28_all_units.339
                0x34007d40        0xc ./X-CUBE-AI/App/network.o
 .rodata.switch_deinit_in_28.340
                0x34007d4c       0x20 ./X-CUBE-AI/App/network.o
 .rodata.Enable_epoch_29_all_units.341
                0x34007d6c       0x30 ./X-CUBE-AI/App/network.o
 .rodata.switch_init_in_29.342
                0x34007d9c       0xe0 ./X-CUBE-AI/App/network.o
 .rodata.Conv2D_31_off_bias_60_dma_init_out_0_29.343
                0x34007e7c       0x40 ./X-CUBE-AI/App/network.o
 .rodata.Conv2D_31_ca_pipe_3_dma_init_in_0_29.344
                0x34007ebc       0x40 ./X-CUBE-AI/App/network.o
 .rodata.Conv2D_31_ca_pipe_2_dma_init_in_0_29.345
                0x34007efc       0x40 ./X-CUBE-AI/App/network.o
 .rodata.Conv2D_31_ca_pipe_1_dma_init_in_0_29.346
                0x34007f3c       0x40 ./X-CUBE-AI/App/network.o
 .rodata.Conv2D_31_dma_init_in_1_29.347
                0x34007f7c       0x40 ./X-CUBE-AI/App/network.o
 .rodata.Conv2D_31_dma_init_in_0_29.348
                0x34007fbc       0x40 ./X-CUBE-AI/App/network.o
 .rodata.Conv2D_31_off_bias_60_init29.349
                0x34007ffc       0x38 ./X-CUBE-AI/App/network.o
 .rodata.Conv2D_31_mul_scale_57_init29.350
                0x34008034       0x38 ./X-CUBE-AI/App/network.o
 .rodata.Conv2D_31_ca_pipe_3_init29.351
                0x3400806c       0x3c ./X-CUBE-AI/App/network.o
 .rodata.Conv2D_31_ca_pipe_2_init29.352
                0x340080a8       0x3c ./X-CUBE-AI/App/network.o
 .rodata.Conv2D_31_ca_pipe_1_init29.353
                0x340080e4       0x3c ./X-CUBE-AI/App/network.o
 .rodata.Conv2D_31_init29.354
                0x34008120       0x3c ./X-CUBE-AI/App/network.o
 .rodata.Disable_epoch_29_all_units.355
                0x3400815c       0x30 ./X-CUBE-AI/App/network.o
 .rodata.switch_deinit_in_29.356
                0x3400818c       0xe0 ./X-CUBE-AI/App/network.o
 .rodata.Enable_epoch_31_all_units.357
                0x3400826c        0xc ./X-CUBE-AI/App/network.o
 .rodata.switch_init_in_31.358
                0x34008278       0x20 ./X-CUBE-AI/App/network.o
 .rodata.Conv2D_36_suboff_63_dma_init_out_0_31.359
                0x34008298       0x40 ./X-CUBE-AI/App/network.o
 .rodata.Conv2D_36_suboff_63_dma_init_in_0_31.360
                0x340082d8       0x40 ./X-CUBE-AI/App/network.o
 .rodata.Conv2D_36_suboff_63_init31.361
                0x34008318       0x38 ./X-CUBE-AI/App/network.o
 .rodata.Disable_epoch_31_all_units.362
                0x34008350        0xc ./X-CUBE-AI/App/network.o
 .rodata.switch_deinit_in_31.363
                0x3400835c       0x20 ./X-CUBE-AI/App/network.o
 .rodata.Enable_epoch_32_all_units.364
                0x3400837c       0x38 ./X-CUBE-AI/App/network.o
 .rodata.switch_init_in_32.365
                0x340083b4      0x100 ./X-CUBE-AI/App/network.o
 .rodata.Conv2D_39_suboff_72_dma_init_out_0_32.366
                0x340084b4       0x40 ./X-CUBE-AI/App/network.o
 .rodata.Conv2D_36_off_bias_69_dma_init_out_0_32.367
                0x340084f4       0x40 ./X-CUBE-AI/App/network.o
 .rodata.Conv2D_36_ca_pipe_3_dma_init_in_0_32.368
                0x34008534       0x40 ./X-CUBE-AI/App/network.o
 .rodata.Conv2D_36_ca_pipe_2_dma_init_in_0_32.369
                0x34008574       0x40 ./X-CUBE-AI/App/network.o
 .rodata.Conv2D_36_ca_pipe_1_dma_init_in_0_32.370
                0x340085b4       0x40 ./X-CUBE-AI/App/network.o
 .rodata.Conv2D_36_dma_init_in_1_32.371
                0x340085f4       0x40 ./X-CUBE-AI/App/network.o
 .rodata.Conv2D_36_dma_init_in_0_32.372
                0x34008634       0x40 ./X-CUBE-AI/App/network.o
 .rodata.Conv2D_39_suboff_72_init32.373
                0x34008674       0x38 ./X-CUBE-AI/App/network.o
 .rodata.Conv2D_36_off_bias_69_init32.374
                0x340086ac       0x38 ./X-CUBE-AI/App/network.o
 .rodata.Conv2D_36_mul_scale_66_init32.375
                0x340086e4       0x38 ./X-CUBE-AI/App/network.o
 .rodata.Conv2D_36_ca_pipe_3_init32.376
                0x3400871c       0x3c ./X-CUBE-AI/App/network.o
 .rodata.Conv2D_36_ca_pipe_2_init32.377
                0x34008758       0x3c ./X-CUBE-AI/App/network.o
 .rodata.Conv2D_36_ca_pipe_1_init32.378
                0x34008794       0x3c ./X-CUBE-AI/App/network.o
 .rodata.Conv2D_36_init32.379
                0x340087d0       0x3c ./X-CUBE-AI/App/network.o
 .rodata.Disable_epoch_32_all_units.380
                0x3400880c       0x38 ./X-CUBE-AI/App/network.o
 .rodata.switch_deinit_in_32.381
                0x34008844      0x100 ./X-CUBE-AI/App/network.o
 .rodata.Enable_epoch_33_all_units.382
                0x34008944       0x30 ./X-CUBE-AI/App/network.o
 .rodata.switch_init_in_33.383
                0x34008974       0x90 ./X-CUBE-AI/App/network.o
 .rodata.Conv2D_43_suboff_90_dma_init_out_0_33.384
                0x34008a04       0x40 ./X-CUBE-AI/App/network.o
 .rodata.Conv2D_41_suboff_81_dma_init_out_0_33.385
                0x34008a44       0x40 ./X-CUBE-AI/App/network.o
 .rodata.Conv2D_39_off_bias_78_dma_init_out_0_33.386
                0x34008a84       0x40 ./X-CUBE-AI/App/network.o
 .rodata.Conv2D_43_suboff_90_dma_init_in_0_33.387
                0x34008ac4       0x40 ./X-CUBE-AI/App/network.o
 .rodata.Conv2D_41_suboff_81_dma_init_in_0_33.388
                0x34008b04       0x40 ./X-CUBE-AI/App/network.o
 .rodata.Conv2D_39_dma_init_in_1_33.389
                0x34008b44       0x40 ./X-CUBE-AI/App/network.o
 .rodata.Conv2D_39_dma_init_in_0_33.390
                0x34008b84       0x40 ./X-CUBE-AI/App/network.o
 .rodata.Conv2D_43_suboff_90_init33.391
                0x34008bc4       0x38 ./X-CUBE-AI/App/network.o
 .rodata.Conv2D_41_suboff_81_init33.392
                0x34008bfc       0x38 ./X-CUBE-AI/App/network.o
 .rodata.Conv2D_39_off_bias_78_init33.393
                0x34008c34       0x38 ./X-CUBE-AI/App/network.o
 .rodata.Conv2D_39_mul_scale_75_init33.394
                0x34008c6c       0x38 ./X-CUBE-AI/App/network.o
 .rodata.Conv2D_39_init33.395
                0x34008ca4       0x3c ./X-CUBE-AI/App/network.o
 .rodata.Disable_epoch_33_all_units.396
                0x34008ce0       0x30 ./X-CUBE-AI/App/network.o
 .rodata.switch_deinit_in_33.397
                0x34008d10       0x90 ./X-CUBE-AI/App/network.o
 .rodata.Enable_epoch_34_all_units.398
                0x34008da0       0x30 ./X-CUBE-AI/App/network.o
 .rodata.switch_init_in_34.399
                0x34008dd0       0xa0 ./X-CUBE-AI/App/network.o
 .rodata.Conv2D_43_off_bias_96_dma_init_out_0_34.400
                0x34008e70       0x40 ./X-CUBE-AI/App/network.o
 .rodata.Conv2D_41_off_bias_87_dma_init_out_0_34.401
                0x34008eb0       0x40 ./X-CUBE-AI/App/network.o
 .rodata.Conv2D_43_dma_init_in_1_34.402
                0x34008ef0       0x40 ./X-CUBE-AI/App/network.o
 .rodata.Conv2D_43_dma_init_in_0_34.403
                0x34008f30       0x40 ./X-CUBE-AI/App/network.o
 .rodata.Conv2D_41_dma_init_in_1_34.404
                0x34008f70       0x40 ./X-CUBE-AI/App/network.o
 .rodata.Conv2D_41_dma_init_in_0_34.405
                0x34008fb0       0x40 ./X-CUBE-AI/App/network.o
 .rodata.Conv2D_43_off_bias_96_init34.406
                0x34008ff0       0x38 ./X-CUBE-AI/App/network.o
 .rodata.Conv2D_43_mul_scale_93_init34.407
                0x34009028       0x38 ./X-CUBE-AI/App/network.o
 .rodata.Conv2D_43_init34.408
                0x34009060       0x3c ./X-CUBE-AI/App/network.o
 .rodata.Conv2D_41_off_bias_87_init34.409
                0x3400909c       0x38 ./X-CUBE-AI/App/network.o
 .rodata.Conv2D_41_mul_scale_84_init34.410
                0x340090d4       0x38 ./X-CUBE-AI/App/network.o
 .rodata.Conv2D_41_init34.411
                0x3400910c       0x3c ./X-CUBE-AI/App/network.o
 .rodata.Disable_epoch_34_all_units.412
                0x34009148       0x30 ./X-CUBE-AI/App/network.o
 .rodata.switch_deinit_in_34.413
                0x34009178       0xa0 ./X-CUBE-AI/App/network.o
 .rodata.Enable_epoch_35_all_units.414
                0x34009218        0xc ./X-CUBE-AI/App/network.o
 .rodata.switch_init_in_35.415
                0x34009224       0x20 ./X-CUBE-AI/App/network.o
 .rodata.Conv2D_45_suboff_99_dma_init_out_0_35.416
                0x34009244       0x40 ./X-CUBE-AI/App/network.o
 .rodata.Conv2D_45_suboff_99_dma_init_in_0_35.417
                0x34009284       0x40 ./X-CUBE-AI/App/network.o
 .rodata.Conv2D_45_suboff_99_init35.418
                0x340092c4       0x38 ./X-CUBE-AI/App/network.o
 .rodata.Disable_epoch_35_all_units.419
                0x340092fc        0xc ./X-CUBE-AI/App/network.o
 .rodata.switch_deinit_in_35.420
                0x34009308       0x20 ./X-CUBE-AI/App/network.o
 .rodata.Enable_epoch_36_all_units.421
                0x34009328       0x18 ./X-CUBE-AI/App/network.o
 .rodata.switch_init_in_36.422
                0x34009340       0x50 ./X-CUBE-AI/App/network.o
 .rodata.Conv2D_45_off_bias_105_dma_init_out_0_36.423
                0x34009390       0x40 ./X-CUBE-AI/App/network.o
 .rodata.Conv2D_45_dma_init_in_1_36.424
                0x340093d0       0x40 ./X-CUBE-AI/App/network.o
 .rodata.Conv2D_45_dma_init_in_0_36.425
                0x34009410       0x40 ./X-CUBE-AI/App/network.o
 .rodata.Conv2D_45_off_bias_105_init36.426
                0x34009450       0x38 ./X-CUBE-AI/App/network.o
 .rodata.Conv2D_45_mul_scale_102_init36.427
                0x34009488       0x38 ./X-CUBE-AI/App/network.o
 .rodata.Conv2D_45_init36.428
                0x340094c0       0x3c ./X-CUBE-AI/App/network.o
 .rodata.Disable_epoch_36_all_units.429
                0x340094fc       0x18 ./X-CUBE-AI/App/network.o
 .rodata.switch_deinit_in_36.430
                0x34009514       0x50 ./X-CUBE-AI/App/network.o
 *fill*         0x34009564        0x4 
 .rodata.ll_atonn_rt_epoch_block_array.431
                0x34009568      0x6f0 ./X-CUBE-AI/App/network.o
                0x34009c58                        . = ALIGN (0x4)

.ARM.extab      0x34009c58        0x0
                0x34009c58                        . = ALIGN (0x4)
 *(.ARM.extab* .gnu.linkonce.armextab.*)
                0x34009c58                        . = ALIGN (0x4)

.ARM            0x34009c58        0x0
                0x34009c58                        . = ALIGN (0x4)
                0x34009c58                        __exidx_start = .
 *(.ARM.exidx*)
                0x34009c58                        __exidx_end = .
                0x34009c58                        . = ALIGN (0x4)

.preinit_array  0x34009c58        0x0
                0x34009c58                        . = ALIGN (0x4)
                0x34009c58                        PROVIDE (__preinit_array_start = .)
 *(.preinit_array*)
                0x34009c58                        PROVIDE (__preinit_array_end = .)
                0x34009c58                        . = ALIGN (0x4)

.init_array     0x34009c58        0x4
                0x34009c58                        . = ALIGN (0x4)
                0x34009c58                        PROVIDE (__init_array_start = .)
 *(SORT_BY_NAME(.init_array.*))
 *(.init_array*)
 .init_array    0x34009c58        0x4 /Applications/STM32CubeIDE.app/Contents/Eclipse/plugins/com.st.stm32cube.ide.mcu.externaltools.gnu-tools-for-stm32.13.3.rel1.macos64_1.0.0.202411102158/tools/bin/../lib/gcc/arm-none-eabi/13.3.1/thumb/v8-m.main+dp/hard/crtbegin.o
                0x34009c5c                        PROVIDE (__init_array_end = .)
                0x34009c5c                        . = ALIGN (0x4)

.fini_array     0x34009c5c        0x4
                0x34009c5c                        . = ALIGN (0x4)
                [!provide]                        PROVIDE (__fini_array_start = .)
 *(SORT_BY_NAME(.fini_array.*))
 *(.fini_array*)
 .fini_array    0x34009c5c        0x4 /Applications/STM32CubeIDE.app/Contents/Eclipse/plugins/com.st.stm32cube.ide.mcu.externaltools.gnu-tools-for-stm32.13.3.rel1.macos64_1.0.0.202411102158/tools/bin/../lib/gcc/arm-none-eabi/13.3.1/thumb/v8-m.main+dp/hard/crtbegin.o
                [!provide]                        PROVIDE (__fini_array_end = .)
                0x34009c60                        . = ALIGN (0x4)
                0x34009c60                        _sidata = LOADADDR (.data)

.rel.dyn        0x34009c60        0x0
 .rel.iplt      0x34009c60        0x0 /Applications/STM32CubeIDE.app/Contents/Eclipse/plugins/com.st.stm32cube.ide.mcu.externaltools.gnu-tools-for-stm32.13.3.rel1.macos64_1.0.0.202411102158/tools/bin/../lib/gcc/arm-none-eabi/13.3.1/thumb/v8-m.main+dp/hard/crtbegin.o

.data           0x34009c60       0x3c
                0x34009c60                        . = ALIGN (0x4)
                0x34009c60                        _sdata = .
 *(.data)
 *(.data*)
 .data.SystemCoreClock
                0x34009c60        0x4 ./Core/Src/system_stm32n6xx_s.o
                0x34009c60                SystemCoreClock
 .data.uwTickFreq
                0x34009c64        0x1 ./Drivers/STM32N6xx_HAL_Driver/stm32n6xx_hal.o
                0x34009c64                uwTickFreq
 *fill*         0x34009c65        0x3 
 .data.uwTickPrio
                0x34009c68        0x4 ./Drivers/STM32N6xx_HAL_Driver/stm32n6xx_hal.o
                0x34009c68                uwTickPrio
 .data.NN_Instance_Default
                0x34009c6c       0x30 ./X-CUBE-AI/App/app_x-cube-ai.o
                0x34009c9c                        . = ALIGN (0x4)
                0x34009c9c                        _edata = .

.igot.plt       0x34009c9c        0x0
 .igot.plt      0x34009c9c        0x0 /Applications/STM32CubeIDE.app/Contents/Eclipse/plugins/com.st.stm32cube.ide.mcu.externaltools.gnu-tools-for-stm32.13.3.rel1.macos64_1.0.0.202411102158/tools/bin/../lib/gcc/arm-none-eabi/13.3.1/thumb/v8-m.main+dp/hard/crtbegin.o

.noncacheable   0x34009c9c        0x4
                0x34009ca0                        . = ALIGN (0x8)
 *fill*         0x34009c9c        0x4 
                0x34009ca0                        __snoncacheable = .
 *(noncacheable_buffer)
                0x34009ca0                        . = ALIGN (0x8)
                0x34009ca0                        __enoncacheable = .

.gnu.sgstubs    0x34009ca0       0x20
                0x34009ca0                        . = ALIGN (0x4)
 *(.gnu.sgstubs*)
                0x34009ca0                        . = ALIGN (0x4)
 .gnu.sgstubs.__stub
                0x34009ca0       0x10 linker stubs
                0x34009ca0                SECURE_SystemCoreClockUpdate
                0x34009ca8                SECURE_RegisterCallback
                0x34009cb0                        . = ALIGN (0x4)

.bss            0x34009cc0       0x3c
                0x34009cc0                        _sbss = .
                0x34009cc0                        __bss_start__ = _sbss
 *(.bss)
 .bss           0x34009cc0       0x1c /Applications/STM32CubeIDE.app/Contents/Eclipse/plugins/com.st.stm32cube.ide.mcu.externaltools.gnu-tools-for-stm32.13.3.rel1.macos64_1.0.0.202411102158/tools/bin/../lib/gcc/arm-none-eabi/13.3.1/thumb/v8-m.main+dp/hard/crtbegin.o
 *(.bss*)
 .bss.hcacheaxi
                0x34009cdc        0xc ./Core/Src/main.o
                0x34009cdc                hcacheaxi
 .bss.pSecureErrorCallback
                0x34009ce8        0x4 ./Core/Src/secure_nsc.o
                0x34009ce8                pSecureErrorCallback
 .bss.pSecureFaultCallback
                0x34009cec        0x4 ./Core/Src/secure_nsc.o
                0x34009cec                pSecureFaultCallback
 .bss.uwTick    0x34009cf0        0x4 ./Drivers/STM32N6xx_HAL_Driver/stm32n6xx_hal.o
                0x34009cf0                uwTick
 .bss.buffer_out
                0x34009cf4        0x4 ./X-CUBE-AI/App/app_x-cube-ai.o
                0x34009cf4                buffer_out
 .bss.buffer_in
                0x34009cf8        0x4 ./X-CUBE-AI/App/app_x-cube-ai.o
                0x34009cf8                buffer_in
 *(COMMON)
                0x34009cfc                        . = ALIGN (0x4)
                0x34009cfc                        _ebss = .
                0x34009cfc                        __bss_end__ = _ebss

._user_heap_stack
                0x34009cfc     0x1004
                0x34009d00                        . = ALIGN (0x8)
 *fill*         0x34009cfc        0x4 
                [!provide]                        PROVIDE (end = .)
                0x34009d00                        PROVIDE (_end = .)
                0x3400a500                        . = (. + _Min_Heap_Size)
 *fill*         0x34009d00      0x800 
                0x3400ad00                        . = (. + _Min_Stack_Size)
 *fill*         0x3400a500      0x800 
                0x3400ad00                        . = ALIGN (0x8)

/DISCARD/
 libc.a(*)
 libm.a(*)
 libgcc.a(*)

.ARM.attributes
                0x00000000       0x3a
 *(.ARM.attributes)
 .ARM.attributes
                0x00000000       0x24 /Applications/STM32CubeIDE.app/Contents/Eclipse/plugins/com.st.stm32cube.ide.mcu.externaltools.gnu-tools-for-stm32.13.3.rel1.macos64_1.0.0.202411102158/tools/bin/../lib/gcc/arm-none-eabi/13.3.1/thumb/v8-m.main+dp/hard/crti.o
 .ARM.attributes
                0x00000024       0x36 /Applications/STM32CubeIDE.app/Contents/Eclipse/plugins/com.st.stm32cube.ide.mcu.externaltools.gnu-tools-for-stm32.13.3.rel1.macos64_1.0.0.202411102158/tools/bin/../lib/gcc/arm-none-eabi/13.3.1/thumb/v8-m.main+dp/hard/crtbegin.o
 .ARM.attributes
                0x0000005a       0x3e ./Core/Src/main.o
 .ARM.attributes
                0x00000098       0x3e ./Core/Src/secure_nsc.o
 .ARM.attributes
                0x000000d6       0x3e ./Core/Src/stm32n6xx_hal_msp.o
 .ARM.attributes
                0x00000114       0x3e ./Core/Src/stm32n6xx_it.o
 .ARM.attributes
                0x00000152       0x3e ./Core/Src/system_stm32n6xx_s.o
 .ARM.attributes
                0x00000190       0x22 ./Core/Startup/startup_stm32n657x0hxq.o
 .ARM.attributes
                0x000001b2       0x3e ./Drivers/STM32N6xx_HAL_Driver/stm32n6xx_hal.o
 .ARM.attributes
                0x000001f0       0x3e ./Drivers/STM32N6xx_HAL_Driver/stm32n6xx_hal_cacheaxi.o
 .ARM.attributes
                0x0000022e       0x3e ./Drivers/STM32N6xx_HAL_Driver/stm32n6xx_hal_cortex.o
 .ARM.attributes
                0x0000026c       0x3e ./Drivers/STM32N6xx_HAL_Driver/stm32n6xx_hal_gpio.o
 .ARM.attributes
                0x000002aa       0x3e ./Drivers/STM32N6xx_HAL_Driver/stm32n6xx_hal_pwr_ex.o
 .ARM.attributes
                0x000002e8       0x3e ./Drivers/STM32N6xx_HAL_Driver/stm32n6xx_hal_rif.o
 .ARM.attributes
                0x00000326       0x3e ./X-CUBE-AI/App/app_x-cube-ai.o
 .ARM.attributes
                0x00000364       0x3e ./X-CUBE-AI/App/network.o
 .ARM.attributes
                0x000003a2       0x36 /Applications/STM32CubeIDE.app/Contents/Eclipse/plugins/com.st.stm32cube.ide.mcu.externaltools.gnu-tools-for-stm32.13.3.rel1.macos64_1.0.0.202411102158/tools/bin/../lib/gcc/arm-none-eabi/13.3.1/../../../../arm-none-eabi/lib/thumb/v8-m.main+dp/hard/libc_nano.a(libc_a-memset.o)
 .ARM.attributes
                0x000003d8       0x36 /Applications/STM32CubeIDE.app/Contents/Eclipse/plugins/com.st.stm32cube.ide.mcu.externaltools.gnu-tools-for-stm32.13.3.rel1.macos64_1.0.0.202411102158/tools/bin/../lib/gcc/arm-none-eabi/13.3.1/../../../../arm-none-eabi/lib/thumb/v8-m.main+dp/hard/libc_nano.a(libc_a-init.o)
 .ARM.attributes
                0x0000040e       0x24 /Applications/STM32CubeIDE.app/Contents/Eclipse/plugins/com.st.stm32cube.ide.mcu.externaltools.gnu-tools-for-stm32.13.3.rel1.macos64_1.0.0.202411102158/tools/bin/../lib/gcc/arm-none-eabi/13.3.1/thumb/v8-m.main+dp/hard/crtn.o
OUTPUT(gg-cnn_Appli.elf elf32-littlearm)
LOAD linker stubs
LOAD /Applications/STM32CubeIDE.app/Contents/Eclipse/plugins/com.st.stm32cube.ide.mcu.externaltools.gnu-tools-for-stm32.13.3.rel1.macos64_1.0.0.202411102158/tools/bin/../lib/gcc/arm-none-eabi/13.3.1/../../../../arm-none-eabi/lib/thumb/v8-m.main+dp/hard/libc.a
LOAD /Applications/STM32CubeIDE.app/Contents/Eclipse/plugins/com.st.stm32cube.ide.mcu.externaltools.gnu-tools-for-stm32.13.3.rel1.macos64_1.0.0.202411102158/tools/bin/../lib/gcc/arm-none-eabi/13.3.1/../../../../arm-none-eabi/lib/thumb/v8-m.main+dp/hard/libm.a