07/18/2025 06:25:59 PM  __main__ -- Preparing compiler GCC
07/18/2025 06:25:59 PM  __main__ -- Setting a breakpoint in main.c at line 137 (before the infinite loop)
07/18/2025 06:25:59 PM  __main__ -- Copying network.c to project: -> C:\ST\STEdgeAI\2.2\Projects\STM32N6570-DK\Applications\NPU_Validation\X-CUBE-AI\App\network.c
07/18/2025 06:25:59 PM  __main__ -- Extracting information from the c-file
07/18/2025 06:25:59 PM  __main__ -- Converting memory files in results/<model>/generation/ to Intel-hex with proper offsets
07/18/2025 06:25:59 PM  __main__ -- arm-none-eabi-objcopy.exe --change-addresses 0x71000000 -Ibinary -Oihex network_atonbuf.xSPI2.raw network_atonbuf.xSPI2.hex
07/18/2025 06:25:59 PM  __main__ -- Resetting the board...
07/18/2025 06:26:00 PM  __main__ -- Launching command: C:\Program Files\STMicroelectronics\STM32Cube\STM32CubeProgrammerP\bin\STM32_Programmer_CLI.exe -q -c port=SWD mode=powerdown freq=2000 ap=1
07/18/2025 06:26:00 PM  __main__ --       -------------------------------------------------------------------
                       STM32CubeProgrammer v2.20.0                  
      -------------------------------------------------------------------

ST-LINK SN  : 004000213234510333353533
ST-LINK FW  : V3J16M7
Board       : NUCLEO-N657X0-Q
Voltage     : 3.26V
Error: Unable to get core ID
Error: Cannot connect to access port 1!  If you are trying to connect to a device with TrustZone enabled please try to connect with HotPlug mode.  If you are trying to connect to a device which supports Debug Authentication with certificate or password, please open your device using it.

07/18/2025 06:26:00 PM  __main__ -- Flashing memory xSPI2 -- 3 362.177 kB
07/18/2025 06:26:27 PM  __main__ -- Flashing memory command: C:\Program Files\STMicroelectronics\STM32Cube\STM32CubeProgrammerP\bin\STM32_Programmer_CLI.exe -q -c port=SWD mode=hotplug ap=1 --extload C:\Program Files\STMicroelectronics\STM32Cube\STM32CubeProgrammerP\bin\ExternalLoader\MX25UM51245G_STM32N6570-NUCLEO.stldr --download C:\Users\brink\Documents\University\Polimi\ACA\Advanced-Computer-Architectures-Project\profiling\st_ai_output\network_atonbuf.xSPI2.hex --verify
07/18/2025 06:26:27 PM  __main__ --       -------------------------------------------------------------------
                       STM32CubeProgrammer v2.20.0                  
      -------------------------------------------------------------------

ST-LINK SN  : 004000213234510333353533
ST-LINK FW  : V3J16M7
Board       : NUCLEO-N657X0-Q
Voltage     : 3.26V
SWD freq    : 8000 KHz
Connect mode: Hot Plug
Reset mode  : Software reset
Device ID   : 0x486
Revision ID : Rev B
Revision ID : Rev B
Device name : ST32N657
Device type : MCU
Device CPU  : Cortex-M55
BL Version  : --



Opening and parsing file: network_atonbuf.xSPI2.hex


Memory Programming ...
  File          : network_atonbuf.xSPI2.hex
  Size          : 3.21 MB 
  Address       : 0x71000000


Erasing memory corresponding to segment 0:
Erasing external memory sectors [256 307]
Download in Progress:


File download complete
Time elapsed during download operation: 00:00:18.902



Verifying...




Time elapsed during verifying operation: 00:00:07.508


Download verified successfully 



07/18/2025 06:26:27 PM  __main__ -- Building project (conf= N6-Nucleo-USB)
07/18/2025 06:26:27 PM  __main__ -- Compiling project with command: C:\ST\STM32CubeIDE_1.18.1\STM32CubeIDE\plugins\com.st.stm32cube.ide.mcu.externaltools.make.win32_2.2.0.202409170845\tools\bin\make.exe all GCC_PATH=C:/ST/STM32CubeIDE_1.18.1/STM32CubeIDE/plugins/com.st.stm32cube.ide.mcu.externaltools.gnu-tools-for-stm32.13.3.rel1.win32_1.0.0.202411081344/tools/bin BUILD_CONF=N6-Nucleo-USB
07/18/2025 06:26:28 PM  __main__ -- Loading internal memories & Running the program
07/18/2025 06:26:28 PM  __main__ -- Starting gdbserver with command: C:\ST\STM32CubeIDE_1.18.1\STM32CubeIDE\plugins\com.st.stm32cube.ide.mcu.externaltools.stlink-gdb-server.win32_2.2.100.202501151542\tools\bin\ST-LINK_gdbserver.exe -d --frequency 2000 --apid 1 -v --port-number 61234 -cp C:/Program Files/STMicroelectronics/STM32Cube/STM32CubeProgrammerP/bin
07/18/2025 06:26:28 PM  __main__ -- Debugging with command: C:/ST/STM32CubeIDE_1.18.1/STM32CubeIDE/plugins/com.st.stm32cube.ide.mcu.externaltools.gnu-tools-for-stm32.13.3.rel1.win32_1.0.0.202411081344/tools/bin/arm-none-eabi-gdb.exe -batch --command=C:/ST/STEdgeAI/2.2/Projects/STM32N6570-DK/Applications/NPU_Validation/armgcc/n6_commands.gdb C:/ST/STEdgeAI/2.2/Projects/STM32N6570-DK/Applications/NPU_Validation/armgcc/build/N6-Nucleo-USB/Project.elf
07/18/2025 06:26:31 PM  __main__ -- 0x18003a1a in ?? ()
Loading section .isr_vector, size 0x34c lma 0x34000000
Loading section .text, size 0x19618 lma 0x34000350
Loading section .gnu.sgstubs, size 0x20 lma 0x34019980
Loading section .rodata, size 0x13198 lma 0x340199a0
Loading section .ARM, size 0x8 lma 0x3402cb38
Loading section .init_array, size 0x4 lma 0x3402cb40
Loading section .fini_array, size 0x4 lma 0x3402cb44
Loading section .data, size 0x130 lma 0x3402cb48
Start address 0x340174e4, load size 183388
Transfer rate: 130 KB/sec, 10188 bytes/write.

*****
**Finished User setup phase. Setting BPX at end of init...
*****
Temporary breakpoint 1 at 0x34000a60: file ../../../Applications/NPU_Validation/Core/Src/main.c, line 137.

Temporary breakpoint 1, main () at ../../../Applications/NPU_Validation/Core/Src/main.c:137
137	  aiValidationInit();
[Inferior 1 (Remote target) detached]

07/18/2025 06:26:31 PM  __main__ -- Start operation achieved successfully
