../X-CUBE-AI/App/network.c:11531:13:LL_ATON_End_EpochBlock_36	8	static
../X-CUBE-AI/App/network.c:11214:13:LL_ATON_End_EpochBlock_35	8	static
../X-CUBE-AI/App/network.c:11024:13:LL_ATON_End_EpochBlock_34	8	static
../X-CUBE-AI/App/network.c:10437:13:LL_ATON_End_EpochBlock_33	8	static
../X-CUBE-AI/App/network.c:9860:13:LL_ATON_End_EpochBlock_32	8	static
../X-CUBE-AI/App/network.c:9198:13:LL_ATON_End_EpochBlock_31	8	static
../X-CUBE-AI/App/network.c:8895:13:LL_ATON_End_EpochBlock_29	8	static
../X-CUBE-AI/App/network.c:8318:13:LL_ATON_End_EpochBlock_28	8	static
../X-CUBE-AI/App/network.c:8033:13:LL_ATON_End_EpochBlock_26	8	static
../X-CUBE-AI/App/network.c:7722:13:LL_ATON_End_EpochBlock_25	8	static
../X-CUBE-AI/App/network.c:7195:13:LL_ATON_End_EpochBlock_19	8	static
../X-CUBE-AI/App/network.c:6748:13:LL_ATON_End_EpochBlock_18	8	static
../X-CUBE-AI/App/network.c:6231:13:LL_ATON_End_EpochBlock_12	8	static
../X-CUBE-AI/App/network.c:6022:13:LL_ATON_End_EpochBlock_11	8	static
../X-CUBE-AI/App/network.c:5869:13:LL_ATON_End_EpochBlock_10	8	static
../X-CUBE-AI/App/network.c:5098:13:LL_ATON_End_EpochBlock_9	8	static
../X-CUBE-AI/App/network.c:4599:13:LL_ATON_End_EpochBlock_8	8	static
../X-CUBE-AI/App/network.c:3873:13:LL_ATON_End_EpochBlock_7	8	static
../X-CUBE-AI/App/network.c:3373:13:LL_ATON_End_EpochBlock_6	8	static
../X-CUBE-AI/App/network.c:2598:13:LL_ATON_End_EpochBlock_5	8	static
../X-CUBE-AI/App/network.c:2116:13:LL_ATON_End_EpochBlock_4	8	static
../X-CUBE-AI/App/network.c:1727:13:LL_ATON_End_EpochBlock_3	8	static
../X-CUBE-AI/App/network.c:985:13:LL_ATON_End_EpochBlock_2	8	static
../X-CUBE-AI/App/network.c:269:13:LL_ATON_End_EpochBlock_1	8	static
../X-CUBE-AI/App/network.c:11068:13:LL_ATON_Start_EpochBlock_35	8	static
../X-CUBE-AI/App/network.c:9225:13:LL_ATON_Start_EpochBlock_32	8	static
../X-CUBE-AI/App/network.c:9051:13:LL_ATON_Start_EpochBlock_31	8	static
../X-CUBE-AI/App/network.c:8174:13:LL_ATON_Start_EpochBlock_28	8	static
../X-CUBE-AI/App/network.c:7626:13:LL_ATON_Start_EpochBlock_25	8	static
../X-CUBE-AI/App/network.c:6652:13:LL_ATON_Start_EpochBlock_18	8	static
../X-CUBE-AI/App/network.c:5926:13:LL_ATON_Start_EpochBlock_11	8	static
../X-CUBE-AI/App/network.c:4653:13:LL_ATON_Start_EpochBlock_9	8	static
../X-CUBE-AI/App/network.c:3917:13:LL_ATON_Start_EpochBlock_8	8	static
../X-CUBE-AI/App/network.c:3429:13:LL_ATON_Start_EpochBlock_7	8	static
../X-CUBE-AI/App/network.c:2151:13:LL_ATON_Start_EpochBlock_5	8	static
../X-CUBE-AI/App/network.c:1780:13:LL_ATON_Start_EpochBlock_4	8	static
../X-CUBE-AI/App/network.c:1038:13:LL_ATON_Start_EpochBlock_3	8	static
../X-CUBE-AI/App/network.c:296:13:LL_ATON_Start_EpochBlock_2	8	static
../X-CUBE-AI/App/network.c:124:13:LL_ATON_Start_EpochBlock_1	8	static
../X-CUBE-AI/App/network.c:11241:13:LL_ATON_Start_EpochBlock_36	8	static
../X-CUBE-AI/App/network.c:10480:13:LL_ATON_Start_EpochBlock_34	8	static
../X-CUBE-AI/App/network.c:9912:13:LL_ATON_Start_EpochBlock_33	8	static
../X-CUBE-AI/App/network.c:8345:13:LL_ATON_Start_EpochBlock_29	8	static
../X-CUBE-AI/App/network.c:7747:13:LL_ATON_Start_EpochBlock_26	8	static
../X-CUBE-AI/App/network.c:6773:13:LL_ATON_Start_EpochBlock_19	8	static
../X-CUBE-AI/App/network.c:6047:13:LL_ATON_Start_EpochBlock_12	8	static
../X-CUBE-AI/App/network.c:8943:13:LL_ATON_End_EpochBlock_30	424	static
../X-CUBE-AI/App/network.c:8066:13:LL_ATON_End_EpochBlock_27	432	static
../X-CUBE-AI/App/network.c:7539:13:LL_ATON_End_EpochBlock_24	32	static
../X-CUBE-AI/App/network.c:6565:13:LL_ATON_End_EpochBlock_17	32	static
../X-CUBE-AI/App/network.c:7453:13:LL_ATON_End_EpochBlock_23	16	static
../X-CUBE-AI/App/network.c:6479:13:LL_ATON_End_EpochBlock_16	16	static
../X-CUBE-AI/App/network.c:7387:13:LL_ATON_End_EpochBlock_22	336	static
../X-CUBE-AI/App/network.c:6413:13:LL_ATON_End_EpochBlock_15	320	static
../X-CUBE-AI/App/network.c:7330:13:LL_ATON_End_EpochBlock_21	192	static
../X-CUBE-AI/App/network.c:6356:13:LL_ATON_End_EpochBlock_14	192	static
../X-CUBE-AI/App/network.c:7234:13:LL_ATON_End_EpochBlock_20	32	static
../X-CUBE-AI/App/network.c:6260:13:LL_ATON_End_EpochBlock_13	32	static
../X-CUBE-AI/App/network.c:5142:13:LL_ATON_Start_EpochBlock_10	8	static
../X-CUBE-AI/App/network.c:2642:13:LL_ATON_Start_EpochBlock_6	8	static
../X-CUBE-AI/App/network.c:82:26:LL_ATON_Set_User_Input_Buffer_Default	0	static
../X-CUBE-AI/App/network.c:89:7:LL_ATON_Get_User_Input_Buffer_Default	0	static
../X-CUBE-AI/App/network.c:96:26:LL_ATON_Set_User_Output_Buffer_Default	0	static
../X-CUBE-AI/App/network.c:103:7:LL_ATON_Get_User_Output_Buffer_Default	0	static
../X-CUBE-AI/App/network.c:110:6:LL_ATON_EC_Network_Init_Default	0	static
../X-CUBE-AI/App/network.c:115:6:LL_ATON_EC_Inference_Init_Default	0	static
../X-CUBE-AI/App/network.c:11566:31:LL_ATON_EpochBlockItems_Default	0	static
../X-CUBE-AI/App/network.c:12082:30:LL_ATON_Input_Buffers_Info_Default	0	static
../X-CUBE-AI/App/network.c:14003:30:LL_ATON_Output_Buffers_Info_Default	0	static
../X-CUBE-AI/App/network.c:14120:30:LL_ATON_Internal_Buffers_Info_Default	0	static
