07/21/2025 12:26:28 AM  __main__ -- Preparing compiler GCC
07/21/2025 12:26:28 AM  __main__ -- Setting a breakpoint in main.c at line 137 (before the infinite loop)
07/21/2025 12:26:28 AM  __main__ -- Copying network.c to project: -> /Users/lucabrini/Documents/PoliMI/Courses/ACA/aca-stm32n6/stedgeaicore/Projects/STM32N6570-DK/Applications/NPU_Validation/X-CUBE-AI/App/network.c
07/21/2025 12:26:28 AM  __main__ -- Extracting information from the c-file
07/21/2025 12:26:28 AM  __main__ -- Converting memory files in results/<model>/generation/ to Intel-hex with proper offsets
07/21/2025 12:26:28 AM  __main__ -- arm-none-eabi-objcopy --change-addresses 0x71000000 -Ibinary -Oihex network_atonbuf.xSPI2.raw network_atonbuf.xSPI2.hex
07/21/2025 12:26:28 AM  __main__ -- Resetting the board...
07/21/2025 12:26:29 AM  __main__ -- Launching command: /Applications/ST/STM32Cube/STM32CubeProgrammer/STM32CubeProgrammer.app/Contents/MacOs/bin/STM32_Programmer_CLI -q -c port=SWD mode=powerdown freq=2000 ap=1
07/21/2025 12:26:29 AM  __main__ --       -------------------------------------------------------------------
                        STM32CubeProgrammer v2.20.0                  
      -------------------------------------------------------------------

ST-LINK SN  : 004000213234510333353533
ST-LINK FW  : V3J16M7
Board       : NUCLEO-N657X0-Q
Voltage     : 3.26V
Error: Unable to get core ID
Error: Cannot connect to access port 1!  If you are trying to connect to a device with TrustZone enabled please try to connect with HotPlug mode.  If you are trying to connect to a device which supports Debug Authentication with certificate or password, please open your device using it.

07/21/2025 12:26:29 AM  __main__ -- Flashing memory xSPI2 -- 183.505 kB
07/21/2025 12:26:33 AM  __main__ -- Flashing memory command: /Applications/ST/STM32Cube/STM32CubeProgrammer/STM32CubeProgrammer.app/Contents/MacOs/bin/STM32_Programmer_CLI -q -c port=SWD mode=hotplug ap=1 --extload /Applications/ST/STM32Cube/STM32CubeProgrammer/STM32CubeProgrammer.app/Contents/MacOs/bin/ExternalLoader/MX25UM51245G_STM32N6570-NUCLEO.stldr --download results/gg-cnn_quantize_random_output_20250721_002614/network_atonbuf.xSPI2.hex --verify
07/21/2025 12:26:33 AM  __main__ --       -------------------------------------------------------------------
                        STM32CubeProgrammer v2.20.0                  
      -------------------------------------------------------------------

ST-LINK SN  : 004000213234510333353533
ST-LINK FW  : V3J16M7
Board       : NUCLEO-N657X0-Q
Voltage     : 3.26V
SWD freq    : 8000 KHz
Connect mode: Hot Plug
Reset mode  : Software reset
Device ID   : 0x486
Revision ID : Rev B
Revision ID : Rev B
Device name : ST32N657
Device type : MCU
Device CPU  : Cortex-M55
BL Version  : --



Opening and parsing file: network_atonbuf.xSPI2.hex


Memory Programming ...
  File          : network_atonbuf.xSPI2.hex
  Size          : 179.20 KB 
  Address       : 0x71000000


Erasing memory corresponding to segment 0:
Erasing external memory sectors [256 258]
Download in Progress:


File download complete
Time elapsed during download operation: 00:00:01.457



Verifying...




Time elapsed during verifying operation: 00:00:00.680


Download verified successfully 



07/21/2025 12:26:33 AM  __main__ -- Building project (conf= N6-Nucleo-USB)
07/21/2025 12:26:33 AM  __main__ -- Compiling project with command: /Applications/STM32CubeIDE.app/Contents/Eclipse/plugins/com.st.stm32cube.ide.mcu.externaltools.make.macos64_2.2.0.202409170845/tools/bin/make all GCC_PATH=/Applications/STM32CubeIDE.app/Contents/Eclipse/plugins/com.st.stm32cube.ide.mcu.externaltools.gnu-tools-for-stm32.13.3.rel1.macos64_1.0.0.202411102158/tools/bin BUILD_CONF=N6-Nucleo-USB
07/21/2025 12:26:34 AM  __main__ -- Loading internal memories & Running the program
07/21/2025 12:26:34 AM  __main__ -- Starting gdbserver with command: /Applications/STM32CubeIDE.app/Contents/Eclipse/plugins/com.st.stm32cube.ide.mcu.externaltools.stlink-gdb-server.macos64_2.2.100.202501151542/tools/bin/ST-LINK_gdbserver -d --frequency 2000 --apid 1 -v --port-number 61234 -cp /Applications/ST/STM32Cube/STM32CubeProgrammer/STM32CubeProgrammer.app/Contents/MacOs/bin
07/21/2025 12:26:34 AM  __main__ -- Debugging with command: /Applications/STM32CubeIDE.app/Contents/Eclipse/plugins/com.st.stm32cube.ide.mcu.externaltools.gnu-tools-for-stm32.13.3.rel1.macos64_1.0.0.202411102158/tools/bin/arm-none-eabi-gdb -batch --command=/Users/lucabrini/Documents/PoliMI/Courses/ACA/aca-stm32n6/stedgeaicore/Projects/STM32N6570-DK/Applications/NPU_Validation/armgcc/n6_commands.gdb /Users/lucabrini/Documents/PoliMI/Courses/ACA/aca-stm32n6/stedgeaicore/Projects/STM32N6570-DK/Applications/NPU_Validation/armgcc/build/N6-Nucleo-USB/Project.elf
07/21/2025 12:26:36 AM  __main__ -- 0x18003a1a in ?? ()
Loading section .isr_vector, size 0x34c lma 0x34000000
Loading section .text, size 0x1a898 lma 0x34000350
Loading section .gnu.sgstubs, size 0x20 lma 0x3401ac00
Loading section .rodata, size 0x96e0 lma 0x3401ac20
Loading section .ARM, size 0x8 lma 0x34024300
Loading section .init_array, size 0x4 lma 0x34024308
Loading section .fini_array, size 0x4 lma 0x3402430c
Loading section .data, size 0x214 lma 0x34024310
Start address 0x34016f94, load size 148744
Transfer rate: 125 KB/sec, 9296 bytes/write.

*****
**Finished User setup phase. Setting BPX at end of init...
*****
Temporary breakpoint 1 at 0x34000a60: file ../../../Applications/NPU_Validation/Core/Src/main.c, line 137.

Temporary breakpoint 1, main () at ../../../Applications/NPU_Validation/Core/Src/main.c:137
137	  aiValidationInit();
[Inferior 1 (Remote target) detached]

07/21/2025 12:26:36 AM  __main__ -- Start operation achieved successfully
